Release 14.5 - xst P.58f (nt64)
Copyright (c) 1995-2012 Xilinx, Inc.  All rights reserved.
--> Parameter TMPDIR set to xst/projnav.tmp


Total REAL time to Xst completion: 0.00 secs
Total CPU time to Xst completion: 0.09 secs
 
--> Parameter xsthdpdir set to xst


Total REAL time to Xst completion: 0.00 secs
Total CPU time to Xst completion: 0.09 secs
 
--> Reading design: PWM.prj

TABLE OF CONTENTS
  1) Synthesis Options Summary
  2) HDL Compilation
  3) Design Hierarchy Analysis
  4) HDL Analysis
  5) HDL Synthesis
     5.1) HDL Synthesis Report
  6) Advanced HDL Synthesis
     6.1) Advanced HDL Synthesis Report
  7) Low Level Synthesis
  8) Partition Report
  9) Final Report
	9.1) Device utilization summary
	9.2) Partition Resource Summary
	9.3) TIMING REPORT


=========================================================================
*                      Synthesis Options Summary                        *
=========================================================================
---- Source Parameters
Input File Name                    : "PWM.prj"
Input Format                       : mixed
Ignore Synthesis Constraint File   : NO

---- Target Parameters
Output File Name                   : "PWM"
Output Format                      : NGC
Target Device                      : xc3s500e-4-fg320

---- Source Options
Top Module Name                    : PWM
Automatic FSM Extraction           : YES
FSM Encoding Algorithm             : Auto
Safe Implementation                : No
FSM Style                          : LUT
RAM Extraction                     : Yes
RAM Style                          : Auto
ROM Extraction                     : Yes
Mux Style                          : Auto
Decoder Extraction                 : YES
Priority Encoder Extraction        : Yes
Shift Register Extraction          : YES
Logical Shifter Extraction         : YES
XOR Collapsing                     : YES
ROM Style                          : Auto
Mux Extraction                     : Yes
Resource Sharing                   : YES
Asynchronous To Synchronous        : NO
Multiplier Style                   : Auto
Automatic Register Balancing       : No

---- Target Options
Add IO Buffers                     : YES
Global Maximum Fanout              : 100000
Add Generic Clock Buffer(BUFG)     : 24
Register Duplication               : YES
Slice Packing                      : YES
Optimize Instantiated Primitives   : NO
Use Clock Enable                   : Yes
Use Synchronous Set                : Yes
Use Synchronous Reset              : Yes
Pack IO Registers into IOBs        : Auto
Equivalent register Removal        : YES

---- General Options
Optimization Goal                  : Speed
Optimization Effort                : 1
Keep Hierarchy                     : No
Netlist Hierarchy                  : As_Optimized
RTL Output                         : Yes
Global Optimization                : AllClockNets
Read Cores                         : YES
Write Timing Constraints           : NO
Cross Clock Analysis               : NO
Hierarchy Separator                : /
Bus Delimiter                      : <>
Case Specifier                     : Maintain
Slice Utilization Ratio            : 100
BRAM Utilization Ratio             : 100
Verilog 2001                       : YES
Auto BRAM Packing                  : NO
Slice Utilization Ratio Delta      : 5

=========================================================================


=========================================================================
*                          HDL Compilation                              *
=========================================================================
Compiling vhdl file "C:/Users/Samuel/Desktop/Practicas_FPGa_nexys2/prueba_motor/Antirrebote.vhd" in Library work.
Architecture behavioral of Entity antirrebote is up to date.
Compiling vhdl file "C:/Users/Samuel/Desktop/Practicas_FPGa_nexys2/prueba_motor/PWM.vhd" in Library work.
Architecture arq_pwm of Entity pwm is up to date.

=========================================================================
*                     Design Hierarchy Analysis                         *
=========================================================================
Analyzing hierarchy for entity <PWM> in library <work> (architecture <arq_pwm>).

Analyzing hierarchy for entity <ANTIRREBOTE> in library <work> (architecture <behavioral>).


=========================================================================
*                            HDL Analysis                               *
=========================================================================
Analyzing Entity <PWM> in library <work> (Architecture <arq_pwm>).
Entity <PWM> analyzed. Unit <PWM> generated.

Analyzing Entity <ANTIRREBOTE> in library <work> (Architecture <behavioral>).
Entity <ANTIRREBOTE> analyzed. Unit <ANTIRREBOTE> generated.


=========================================================================
*                           HDL Synthesis                               *
=========================================================================

Performing bidirectional port resolution...

Synthesizing Unit <ANTIRREBOTE>.
    Related source file is "C:/Users/Samuel/Desktop/Practicas_FPGa_nexys2/prueba_motor/Antirrebote.vhd".
    Found 11-bit up counter for signal <CNT>.
    Summary:
	inferred   1 Counter(s).
Unit <ANTIRREBOTE> synthesized.


Synthesizing Unit <PWM>.
    Related source file is "C:/Users/Samuel/Desktop/Practicas_FPGa_nexys2/prueba_motor/PWM.vhd".
    Found 1-bit register for signal <pwm_servo>.
    Found 12-bit register for signal <a>.
    Found 12-bit addsub for signal <a$share0000>.
    Found 12-bit up counter for signal <aux>.
    Found 1-bit register for signal <clk100K>.
    Found 13-bit up counter for signal <cnt>.
    Found 12-bit comparator equal for signal <pwm_servo$cmp_eq0000> created at line 57.
    Summary:
	inferred   2 Counter(s).
	inferred   2 D-type flip-flop(s).
	inferred   1 Adder/Subtractor(s).
	inferred   1 Comparator(s).
Unit <PWM> synthesized.

INFO:Xst:1767 - HDL ADVISOR - Resource sharing has identified that some arithmetic operations in this design can share the same physical resources for reduced device utilization. For improved clock frequency you may try to disable resource sharing.

=========================================================================
HDL Synthesis Report

Macro Statistics
# Adders/Subtractors                                   : 1
 12-bit addsub                                         : 1
# Counters                                             : 4
 11-bit up counter                                     : 2
 12-bit up counter                                     : 1
 13-bit up counter                                     : 1
# Registers                                            : 3
 1-bit register                                        : 2
 12-bit register                                       : 1
# Comparators                                          : 1
 12-bit comparator equal                               : 1

=========================================================================

=========================================================================
*                       Advanced HDL Synthesis                          *
=========================================================================


=========================================================================
Advanced HDL Synthesis Report

Macro Statistics
# Adders/Subtractors                                   : 1
 12-bit addsub                                         : 1
# Counters                                             : 4
 11-bit up counter                                     : 2
 12-bit up counter                                     : 1
 13-bit up counter                                     : 1
# Registers                                            : 14
 Flip-Flops                                            : 14
# Comparators                                          : 1
 12-bit comparator equal                               : 1

=========================================================================

=========================================================================
*                         Low Level Synthesis                           *
=========================================================================

Optimizing unit <PWM> ...

Mapping all equations...
Building and optimizing final netlist ...
Found area constraint ratio of 100 (+ 5) on block PWM, actual ratio is 1.

Final Macro Processing ...

=========================================================================
Final Register Report

Macro Statistics
# Registers                                            : 61
 Flip-Flops                                            : 61

=========================================================================

=========================================================================
*                           Partition Report                            *
=========================================================================

Partition Implementation Status
-------------------------------

  No Partitions were found in this design.

-------------------------------

=========================================================================
*                            Final Report                               *
=========================================================================
Final Results
RTL Top Level Output File Name     : PWM.ngr
Top Level Output File Name         : PWM
Output Format                      : NGC
Optimization Goal                  : Speed
Keep Hierarchy                     : No

Design Statistics
# IOs                              : 5

Cell Usage :
# BELS                             : 233
#      GND                         : 1
#      INV                         : 6
#      LUT1                        : 43
#      LUT2                        : 6
#      LUT2_L                      : 2
#      LUT3                        : 5
#      LUT4                        : 44
#      LUT4_D                      : 5
#      MUXCY                       : 60
#      MUXF5                       : 1
#      VCC                         : 1
#      XORCY                       : 59
# FlipFlops/Latches                : 61
#      FDC                         : 25
#      FDCE                        : 31
#      FDPE                        : 5
# Clock Buffers                    : 2
#      BUFG                        : 1
#      BUFGP                       : 1
# IO Buffers                       : 4
#      IBUF                        : 3
#      OBUF                        : 1
=========================================================================

Device utilization summary:
---------------------------

Selected Device : 3s500efg320-4 

 Number of Slices:                       60  out of   4656     1%  
 Number of Slice Flip Flops:             61  out of   9312     0%  
 Number of 4 input LUTs:                111  out of   9312     1%  
 Number of IOs:                           5
 Number of bonded IOBs:                   5  out of    232     2%  
 Number of GCLKs:                         2  out of     24     8%  

---------------------------
Partition Resource Summary:
---------------------------

  No Partitions were found in this design.

---------------------------


=========================================================================
TIMING REPORT

NOTE: THESE TIMING NUMBERS ARE ONLY A SYNTHESIS ESTIMATE.
      FOR ACCURATE TIMING INFORMATION PLEASE REFER TO THE TRACE REPORT
      GENERATED AFTER PLACE-and-ROUTE.

Clock Information:
------------------
-----------------------------------+------------------------+-------+
Clock Signal                       | Clock buffer(FF name)  | Load  |
-----------------------------------+------------------------+-------+
clk                                | BUFGP                  | 14    |
clk100K1                           | BUFG                   | 47    |
-----------------------------------+------------------------+-------+

Asynchronous Control Signals Information:
----------------------------------------
-----------------------------------------+------------------------+-------+
Control Signal                           | Buffer(FF name)        | Load  |
-----------------------------------------+------------------------+-------+
cnt_or0000(cnt_or0000_f5:O)              | NONE(clk100K)          | 14    |
pwm_servo_or0000(pwm_servo_or000053:O)   | NONE(aux_0)            | 13    |
rst                                      | IBUF                   | 12    |
btderecha_inv(btderecha_inv1_INV_0:O)    | NONE(ant1/CNT_0)       | 11    |
btizquierda_inv(btizquierda_inv1_INV_0:O)| NONE(ant2/CNT_0)       | 11    |
-----------------------------------------+------------------------+-------+

Timing Summary:
---------------
Speed Grade: -4

   Minimum period: 8.025ns (Maximum Frequency: 124.611MHz)
   Minimum input arrival time before clock: 8.514ns
   Maximum output required time after clock: 4.283ns
   Maximum combinational path delay: No path found

Timing Detail:
--------------
All values displayed in nanoseconds (ns)

=========================================================================
Timing constraint: Default period analysis for Clock 'clk'
  Clock period: 4.978ns (frequency: 200.884MHz)
  Total number of paths / destination ports: 104 / 14
-------------------------------------------------------------------------
Delay:               4.978ns (Levels of Logic = 3)
  Source:            cnt_2 (FF)
  Destination:       clk100K (FF)
  Source Clock:      clk rising
  Destination Clock: clk rising

  Data Path: cnt_2 to clk100K
                                Gate     Net
    Cell:in->out      fanout   Delay   Delay  Logical Name (Net Name)
    ----------------------------------------  ------------
     FDC:C->Q              2   0.591   0.622  cnt_2 (cnt_2)
     LUT4:I0->O            1   0.704   0.499  cnt_or000017 (cnt_or000017)
     LUT4_D:I1->LO         1   0.704   0.179  cnt_or0000132 (N38)
     LUT4:I1->O            1   0.704   0.420  clk100K_cmp_eq00001 (clk100K_cmp_eq0000)
     FDPE:CE                   0.555          clk100K
    ----------------------------------------
    Total                      4.978ns (3.258ns logic, 1.720ns route)
                                       (65.4% logic, 34.6% route)

=========================================================================
Timing constraint: Default period analysis for Clock 'clk100K1'
  Clock period: 8.025ns (frequency: 124.611MHz)
  Total number of paths / destination ports: 2294 / 81
-------------------------------------------------------------------------
Delay:               8.025ns (Levels of Logic = 16)
  Source:            ant2/CNT_2 (FF)
  Destination:       a_11 (FF)
  Source Clock:      clk100K1 rising
  Destination Clock: clk100K1 rising

  Data Path: ant2/CNT_2 to a_11
                                Gate     Net
    Cell:in->out      fanout   Delay   Delay  Logical Name (Net Name)
    ----------------------------------------  ------------
     FDCE:C->Q             3   0.591   0.706  ant2/CNT_2 (ant2/CNT_2)
     LUT4_D:I0->O          7   0.704   0.712  ant2/CAP_and000020 (ant2/CAP_and000020)
     LUT4:I3->O            3   0.704   0.610  ant2/CAP_and000034_1 (ant2/CAP_and000034)
     LUT2:I1->O            1   0.704   0.000  Maddsub_a_share0000_lut<0> (Maddsub_a_share0000_lut<0>)
     MUXCY:S->O            1   0.464   0.000  Maddsub_a_share0000_cy<0> (Maddsub_a_share0000_cy<0>)
     MUXCY:CI->O           1   0.059   0.000  Maddsub_a_share0000_cy<1> (Maddsub_a_share0000_cy<1>)
     MUXCY:CI->O           1   0.059   0.000  Maddsub_a_share0000_cy<2> (Maddsub_a_share0000_cy<2>)
     MUXCY:CI->O           1   0.059   0.000  Maddsub_a_share0000_cy<3> (Maddsub_a_share0000_cy<3>)
     MUXCY:CI->O           1   0.059   0.000  Maddsub_a_share0000_cy<4> (Maddsub_a_share0000_cy<4>)
     MUXCY:CI->O           1   0.059   0.000  Maddsub_a_share0000_cy<5> (Maddsub_a_share0000_cy<5>)
     MUXCY:CI->O           1   0.059   0.000  Maddsub_a_share0000_cy<6> (Maddsub_a_share0000_cy<6>)
     MUXCY:CI->O           1   0.059   0.000  Maddsub_a_share0000_cy<7> (Maddsub_a_share0000_cy<7>)
     MUXCY:CI->O           1   0.059   0.000  Maddsub_a_share0000_cy<8> (Maddsub_a_share0000_cy<8>)
     MUXCY:CI->O           1   0.059   0.000  Maddsub_a_share0000_cy<9> (Maddsub_a_share0000_cy<9>)
     MUXCY:CI->O           0   0.059   0.000  Maddsub_a_share0000_cy<10> (Maddsub_a_share0000_cy<10>)
     XORCY:CI->O           1   0.804   0.424  Maddsub_a_share0000_xor<11> (a_share0000<11>)
     LUT4:I3->O            1   0.704   0.000  a_mux0002<0>1 (a_mux0002<0>)
     FDCE:D                    0.308          a_11
    ----------------------------------------
    Total                      8.025ns (5.573ns logic, 2.452ns route)
                                       (69.4% logic, 30.6% route)

=========================================================================
Timing constraint: Default OFFSET IN BEFORE for Clock 'clk100K1'
  Total number of paths / destination ports: 126 / 24
-------------------------------------------------------------------------
Offset:              8.514ns (Levels of Logic = 9)
  Source:            btizquierda (PAD)
  Destination:       a_11 (FF)
  Destination Clock: clk100K1 rising

  Data Path: btizquierda to a_11
                                Gate     Net
    Cell:in->out      fanout   Delay   Delay  Logical Name (Net Name)
    ----------------------------------------  ------------
     IBUF:I->O             3   1.218   0.706  btizquierda_IBUF (btizquierda_IBUF)
     LUT3:I0->O            2   0.704   0.526  ant2/CAP_and000034_SW6 (N30)
     LUT4:I1->O           17   0.704   1.130  ant2/CAP_and000034 (IZQ)
     LUT2:I1->O            1   0.704   0.000  Maddsub_a_share0000_lut<8> (Maddsub_a_share0000_lut<8>)
     MUXCY:S->O            1   0.464   0.000  Maddsub_a_share0000_cy<8> (Maddsub_a_share0000_cy<8>)
     MUXCY:CI->O           1   0.059   0.000  Maddsub_a_share0000_cy<9> (Maddsub_a_share0000_cy<9>)
     MUXCY:CI->O           0   0.059   0.000  Maddsub_a_share0000_cy<10> (Maddsub_a_share0000_cy<10>)
     XORCY:CI->O           1   0.804   0.424  Maddsub_a_share0000_xor<11> (a_share0000<11>)
     LUT4:I3->O            1   0.704   0.000  a_mux0002<0>1 (a_mux0002<0>)
     FDCE:D                    0.308          a_11
    ----------------------------------------
    Total                      8.514ns (5.728ns logic, 2.786ns route)
                                       (67.3% logic, 32.7% route)

=========================================================================
Timing constraint: Default OFFSET OUT AFTER for Clock 'clk100K1'
  Total number of paths / destination ports: 1 / 1
-------------------------------------------------------------------------
Offset:              4.283ns (Levels of Logic = 1)
  Source:            pwm_servo (FF)
  Destination:       pwm_servo (PAD)
  Source Clock:      clk100K1 rising

  Data Path: pwm_servo to pwm_servo
                                Gate     Net
    Cell:in->out      fanout   Delay   Delay  Logical Name (Net Name)
    ----------------------------------------  ------------
     FDPE:C->Q             1   0.591   0.420  pwm_servo (pwm_servo_OBUF)
     OBUF:I->O                 3.272          pwm_servo_OBUF (pwm_servo)
    ----------------------------------------
    Total                      4.283ns (3.863ns logic, 0.420ns route)
                                       (90.2% logic, 9.8% route)

=========================================================================


Total REAL time to Xst completion: 5.00 secs
Total CPU time to Xst completion: 5.35 secs
 
--> 

Total memory usage is 258052 kilobytes

Number of errors   :    0 (   0 filtered)
Number of warnings :    0 (   0 filtered)
Number of infos    :    1 (   0 filtered)

