V3 3
FL C:/Users/Samuel/Desktop/Practicas_FPGa_nexys2/ir/receptor.vhd 2013/04/26.09:16:22 P.58f
EN work/Receptor 1538590428 \
      FL C:/Users/Samuel/Desktop/Practicas_FPGa_nexys2/ir/receptor.vhd \
      PB ieee/std_logic_1164 1364358218 PB ieee/std_logic_arith 1364358219 \
      PB ieee/STD_LOGIC_UNSIGNED 1364358221
AR work/Receptor/Arq_Receptor 1538590429 \
      FL C:/Users/Samuel/Desktop/Practicas_FPGa_nexys2/ir/receptor.vhd \
      EN work/Receptor 1538590428
