--------------------------------------------------------------------------------
Release 14.5 Trace  (nt64)
Copyright (c) 1995-2012 Xilinx, Inc.  All rights reserved.

C:\Xilinx\14.5\ISE_DS\ISE\bin\nt64\unwrapped\trce.exe -intstyle ise -v 3 -s 3
-n 3 -fastpaths -xml multiplicador_preroute.twx multiplicador_map.ncd -o
multiplicador_preroute.twr multiplicador.pcf -ucf multiplicador.ucf

Design file:              multiplicador_map.ncd
Physical constraint file: multiplicador.pcf
Device,package,speed:     xc6slx45,csg324,C,-3 (PRODUCTION 1.23 2013-03-26)
Report level:             verbose report

Environment Variable      Effect 
--------------------      ------ 
NONE                      No environment variables were set
--------------------------------------------------------------------------------

INFO:Timing:2698 - No timing constraints found, doing default enumeration.
INFO:Timing:3412 - To improve timing, see the Timing Closure User Guide (UG612).
INFO:Timing:2752 - To get complete path coverage, use the unconstrained paths 
   option. All paths that are not constrained will be reported in the 
   unconstrained paths section(s) of the report.
INFO:Timing:3284 - This timing report was generated using estimated delay 
   information.  For accurate numbers, please refer to the post Place and Route 
   timing report.
INFO:Timing:3339 - The clock-to-out numbers in this timing report are based on 
   a 50 Ohm transmission line loading model.  For the details of this model, 
   and for more information on accounting for different loading conditions, 
   please see the device datasheet.



Data Sheet report:
-----------------
All values displayed in nanoseconds (ns)

Pad to Pad
---------------+---------------+---------+
Source Pad     |Destination Pad|  Delay  |
---------------+---------------+---------+
A<0>           |P<0>           |   19.621|
A<0>           |P<1>           |   19.622|
A<0>           |P<2>           |   19.461|
A<0>           |P<3>           |   19.331|
A<0>           |P<4>           |   19.187|
A<0>           |P<5>           |   26.352|
A<0>           |P<6>           |   17.709|
A<0>           |P<7>           |   17.316|
A<0>           |P<8>           |   17.482|
A<0>           |P<9>           |   17.282|
A<0>           |P<10>          |   17.260|
A<0>           |P<11>          |   17.740|
A<0>           |P<12>          |   17.799|
A<0>           |P<13>          |   17.916|
A<0>           |P<14>          |   17.606|
A<0>           |P<15>          |   17.991|
A<0>           |P<16>          |   18.013|
A<0>           |P<17>          |   18.014|
A<0>           |P<18>          |   18.014|
A<0>           |P<19>          |   18.007|
A<0>           |P<20>          |   17.818|
A<0>           |P<21>          |   18.064|
A<0>           |P<22>          |   17.924|
A<0>           |P<23>          |   18.076|
A<0>           |P<24>          |   18.152|
A<0>           |P<25>          |   17.992|
A<0>           |P<26>          |   18.021|
A<0>           |P<27>          |   18.041|
A<0>           |P<28>          |   18.155|
A<0>           |P<29>          |   18.019|
A<0>           |P<30>          |   18.065|
A<0>           |P<31>          |   18.288|
A<0>           |P<32>          |   18.248|
A<0>           |P<33>          |   18.270|
A<1>           |P<0>           |   19.302|
A<1>           |P<1>           |   19.303|
A<1>           |P<2>           |   19.142|
A<1>           |P<3>           |   19.012|
A<1>           |P<4>           |   18.868|
A<1>           |P<5>           |   26.033|
A<1>           |P<6>           |   17.390|
A<1>           |P<7>           |   16.997|
A<1>           |P<8>           |   17.163|
A<1>           |P<9>           |   16.963|
A<1>           |P<10>          |   16.941|
A<1>           |P<11>          |   17.421|
A<1>           |P<12>          |   17.480|
A<1>           |P<13>          |   17.597|
A<1>           |P<14>          |   17.287|
A<1>           |P<15>          |   17.672|
A<1>           |P<16>          |   17.694|
A<1>           |P<17>          |   17.695|
A<1>           |P<18>          |   17.695|
A<1>           |P<19>          |   17.688|
A<1>           |P<20>          |   17.499|
A<1>           |P<21>          |   17.745|
A<1>           |P<22>          |   17.605|
A<1>           |P<23>          |   17.757|
A<1>           |P<24>          |   17.833|
A<1>           |P<25>          |   17.673|
A<1>           |P<26>          |   17.702|
A<1>           |P<27>          |   17.722|
A<1>           |P<28>          |   17.836|
A<1>           |P<29>          |   17.700|
A<1>           |P<30>          |   17.746|
A<1>           |P<31>          |   17.969|
A<1>           |P<32>          |   17.929|
A<1>           |P<33>          |   17.951|
A<2>           |P<0>           |   19.302|
A<2>           |P<1>           |   19.303|
A<2>           |P<2>           |   19.142|
A<2>           |P<3>           |   19.012|
A<2>           |P<4>           |   18.868|
A<2>           |P<5>           |   26.033|
A<2>           |P<6>           |   17.390|
A<2>           |P<7>           |   16.997|
A<2>           |P<8>           |   17.163|
A<2>           |P<9>           |   16.963|
A<2>           |P<10>          |   16.941|
A<2>           |P<11>          |   17.421|
A<2>           |P<12>          |   17.480|
A<2>           |P<13>          |   17.597|
A<2>           |P<14>          |   17.287|
A<2>           |P<15>          |   17.672|
A<2>           |P<16>          |   17.694|
A<2>           |P<17>          |   17.695|
A<2>           |P<18>          |   17.695|
A<2>           |P<19>          |   17.688|
A<2>           |P<20>          |   17.499|
A<2>           |P<21>          |   17.745|
A<2>           |P<22>          |   17.605|
A<2>           |P<23>          |   17.757|
A<2>           |P<24>          |   17.833|
A<2>           |P<25>          |   17.673|
A<2>           |P<26>          |   17.702|
A<2>           |P<27>          |   17.722|
A<2>           |P<28>          |   17.836|
A<2>           |P<29>          |   17.700|
A<2>           |P<30>          |   17.746|
A<2>           |P<31>          |   17.969|
A<2>           |P<32>          |   17.929|
A<2>           |P<33>          |   17.951|
A<3>           |P<0>           |   12.402|
A<3>           |P<1>           |   12.403|
A<3>           |P<2>           |   12.242|
A<3>           |P<3>           |   12.112|
A<3>           |P<4>           |   11.968|
A<3>           |P<5>           |   19.133|
A<3>           |P<6>           |   10.490|
A<3>           |P<7>           |   10.097|
A<3>           |P<8>           |   10.263|
A<3>           |P<9>           |   10.063|
A<3>           |P<10>          |   10.041|
A<3>           |P<11>          |   10.521|
A<3>           |P<12>          |   10.580|
A<3>           |P<13>          |   10.697|
A<3>           |P<14>          |   10.387|
A<3>           |P<15>          |   10.772|
A<3>           |P<16>          |   10.794|
A<3>           |P<17>          |   10.795|
A<3>           |P<18>          |   10.795|
A<3>           |P<19>          |   10.788|
A<3>           |P<20>          |   10.599|
A<3>           |P<21>          |   10.845|
A<3>           |P<22>          |   10.705|
A<3>           |P<23>          |   10.857|
A<3>           |P<24>          |   10.933|
A<3>           |P<25>          |   10.773|
A<3>           |P<26>          |   10.802|
A<3>           |P<27>          |   10.822|
A<3>           |P<28>          |   10.936|
A<3>           |P<29>          |   10.800|
A<3>           |P<30>          |   10.846|
A<3>           |P<31>          |   11.069|
A<3>           |P<32>          |   11.029|
A<3>           |P<33>          |   11.051|
A<4>           |P<0>           |   12.085|
A<4>           |P<1>           |   12.086|
A<4>           |P<2>           |   11.925|
A<4>           |P<3>           |   11.795|
A<4>           |P<4>           |   11.651|
A<4>           |P<5>           |   18.816|
A<4>           |P<6>           |   10.173|
A<4>           |P<7>           |    9.780|
A<4>           |P<8>           |    9.946|
A<4>           |P<9>           |    9.746|
A<4>           |P<10>          |    9.724|
A<4>           |P<11>          |   10.204|
A<4>           |P<12>          |   10.263|
A<4>           |P<13>          |   10.380|
A<4>           |P<14>          |   10.070|
A<4>           |P<15>          |   10.455|
A<4>           |P<16>          |   10.477|
A<4>           |P<17>          |   10.478|
A<4>           |P<18>          |   10.478|
A<4>           |P<19>          |   10.471|
A<4>           |P<20>          |   10.282|
A<4>           |P<21>          |   10.528|
A<4>           |P<22>          |   10.388|
A<4>           |P<23>          |   10.540|
A<4>           |P<24>          |   10.616|
A<4>           |P<25>          |   10.456|
A<4>           |P<26>          |   10.485|
A<4>           |P<27>          |   10.505|
A<4>           |P<28>          |   10.619|
A<4>           |P<29>          |   10.483|
A<4>           |P<30>          |   10.529|
A<4>           |P<31>          |   10.752|
A<4>           |P<32>          |   10.712|
A<4>           |P<33>          |   10.734|
A<5>           |P<0>           |   12.210|
A<5>           |P<1>           |   12.211|
A<5>           |P<2>           |   12.050|
A<5>           |P<3>           |   11.920|
A<5>           |P<4>           |   11.776|
A<5>           |P<5>           |   18.941|
A<5>           |P<6>           |   10.298|
A<5>           |P<7>           |    9.905|
A<5>           |P<8>           |   10.071|
A<5>           |P<9>           |    9.871|
A<5>           |P<10>          |    9.849|
A<5>           |P<11>          |   10.329|
A<5>           |P<12>          |   10.388|
A<5>           |P<13>          |   10.505|
A<5>           |P<14>          |   10.195|
A<5>           |P<15>          |   10.580|
A<5>           |P<16>          |   10.602|
A<5>           |P<17>          |   10.603|
A<5>           |P<18>          |   10.603|
A<5>           |P<19>          |   10.596|
A<5>           |P<20>          |   10.407|
A<5>           |P<21>          |   10.653|
A<5>           |P<22>          |   10.513|
A<5>           |P<23>          |   10.665|
A<5>           |P<24>          |   10.741|
A<5>           |P<25>          |   10.581|
A<5>           |P<26>          |   10.610|
A<5>           |P<27>          |   10.630|
A<5>           |P<28>          |   10.744|
A<5>           |P<29>          |   10.608|
A<5>           |P<30>          |   10.654|
A<5>           |P<31>          |   10.877|
A<5>           |P<32>          |   10.837|
A<5>           |P<33>          |   10.859|
A<6>           |P<0>           |   12.245|
A<6>           |P<1>           |   12.246|
A<6>           |P<2>           |   12.085|
A<6>           |P<3>           |   11.955|
A<6>           |P<4>           |   11.811|
A<6>           |P<5>           |   18.976|
A<6>           |P<6>           |   10.333|
A<6>           |P<7>           |    9.940|
A<6>           |P<8>           |   10.106|
A<6>           |P<9>           |    9.906|
A<6>           |P<10>          |    9.884|
A<6>           |P<11>          |   10.364|
A<6>           |P<12>          |   10.423|
A<6>           |P<13>          |   10.540|
A<6>           |P<14>          |   10.230|
A<6>           |P<15>          |   10.615|
A<6>           |P<16>          |   10.637|
A<6>           |P<17>          |   10.638|
A<6>           |P<18>          |   10.638|
A<6>           |P<19>          |   10.631|
A<6>           |P<20>          |   10.442|
A<6>           |P<21>          |   10.688|
A<6>           |P<22>          |   10.548|
A<6>           |P<23>          |   10.700|
A<6>           |P<24>          |   10.776|
A<6>           |P<25>          |   10.616|
A<6>           |P<26>          |   10.645|
A<6>           |P<27>          |   10.665|
A<6>           |P<28>          |   10.779|
A<6>           |P<29>          |   10.643|
A<6>           |P<30>          |   10.689|
A<6>           |P<31>          |   10.912|
A<6>           |P<32>          |   10.872|
A<6>           |P<33>          |   10.894|
A<7>           |P<0>           |   12.276|
A<7>           |P<1>           |   12.277|
A<7>           |P<2>           |   12.116|
A<7>           |P<3>           |   11.986|
A<7>           |P<4>           |   11.842|
A<7>           |P<5>           |   19.007|
A<7>           |P<6>           |   10.364|
A<7>           |P<7>           |    9.971|
A<7>           |P<8>           |   10.137|
A<7>           |P<9>           |    9.937|
A<7>           |P<10>          |    9.915|
A<7>           |P<11>          |   10.395|
A<7>           |P<12>          |   10.454|
A<7>           |P<13>          |   10.571|
A<7>           |P<14>          |   10.261|
A<7>           |P<15>          |   10.646|
A<7>           |P<16>          |   10.668|
A<7>           |P<17>          |   10.669|
A<7>           |P<18>          |   10.669|
A<7>           |P<19>          |   10.662|
A<7>           |P<20>          |   10.473|
A<7>           |P<21>          |   10.719|
A<7>           |P<22>          |   10.579|
A<7>           |P<23>          |   10.731|
A<7>           |P<24>          |   10.807|
A<7>           |P<25>          |   10.647|
A<7>           |P<26>          |   10.676|
A<7>           |P<27>          |   10.696|
A<7>           |P<28>          |   10.810|
A<7>           |P<29>          |   10.674|
A<7>           |P<30>          |   10.720|
A<7>           |P<31>          |   10.943|
A<7>           |P<32>          |   10.903|
A<7>           |P<33>          |   10.925|
A<8>           |P<0>           |   12.235|
A<8>           |P<1>           |   12.236|
A<8>           |P<2>           |   12.075|
A<8>           |P<3>           |   11.945|
A<8>           |P<4>           |   11.801|
A<8>           |P<5>           |   18.966|
A<8>           |P<6>           |   10.323|
A<8>           |P<7>           |    9.930|
A<8>           |P<8>           |   10.096|
A<8>           |P<9>           |    9.896|
A<8>           |P<10>          |    9.874|
A<8>           |P<11>          |   10.354|
A<8>           |P<12>          |   10.413|
A<8>           |P<13>          |   10.530|
A<8>           |P<14>          |   10.220|
A<8>           |P<15>          |   10.605|
A<8>           |P<16>          |   10.627|
A<8>           |P<17>          |   10.628|
A<8>           |P<18>          |   10.628|
A<8>           |P<19>          |   10.621|
A<8>           |P<20>          |   10.432|
A<8>           |P<21>          |   10.678|
A<8>           |P<22>          |   10.538|
A<8>           |P<23>          |   10.690|
A<8>           |P<24>          |   10.766|
A<8>           |P<25>          |   10.606|
A<8>           |P<26>          |   10.635|
A<8>           |P<27>          |   10.655|
A<8>           |P<28>          |   10.769|
A<8>           |P<29>          |   10.633|
A<8>           |P<30>          |   10.679|
A<8>           |P<31>          |   10.902|
A<8>           |P<32>          |   10.862|
A<8>           |P<33>          |   10.884|
A<9>           |P<0>           |   12.233|
A<9>           |P<1>           |   12.234|
A<9>           |P<2>           |   12.073|
A<9>           |P<3>           |   11.943|
A<9>           |P<4>           |   11.799|
A<9>           |P<5>           |   18.964|
A<9>           |P<6>           |   10.321|
A<9>           |P<7>           |    9.928|
A<9>           |P<8>           |   10.094|
A<9>           |P<9>           |    9.894|
A<9>           |P<10>          |    9.872|
A<9>           |P<11>          |   10.352|
A<9>           |P<12>          |   10.411|
A<9>           |P<13>          |   10.528|
A<9>           |P<14>          |   10.218|
A<9>           |P<15>          |   10.603|
A<9>           |P<16>          |   10.625|
A<9>           |P<17>          |   10.626|
A<9>           |P<18>          |   10.626|
A<9>           |P<19>          |   10.619|
A<9>           |P<20>          |   10.430|
A<9>           |P<21>          |   10.676|
A<9>           |P<22>          |   10.536|
A<9>           |P<23>          |   10.688|
A<9>           |P<24>          |   10.764|
A<9>           |P<25>          |   10.604|
A<9>           |P<26>          |   10.633|
A<9>           |P<27>          |   10.653|
A<9>           |P<28>          |   10.767|
A<9>           |P<29>          |   10.631|
A<9>           |P<30>          |   10.677|
A<9>           |P<31>          |   10.900|
A<9>           |P<32>          |   10.860|
A<9>           |P<33>          |   10.882|
A<10>          |P<0>           |   11.939|
A<10>          |P<1>           |   11.940|
A<10>          |P<2>           |   11.779|
A<10>          |P<3>           |   11.649|
A<10>          |P<4>           |   11.505|
A<10>          |P<5>           |   18.670|
A<10>          |P<6>           |   10.027|
A<10>          |P<7>           |    9.634|
A<10>          |P<8>           |    9.800|
A<10>          |P<9>           |    9.600|
A<10>          |P<10>          |    9.578|
A<10>          |P<11>          |   10.058|
A<10>          |P<12>          |   10.117|
A<10>          |P<13>          |   10.234|
A<10>          |P<14>          |    9.924|
A<10>          |P<15>          |   10.309|
A<10>          |P<16>          |   10.331|
A<10>          |P<17>          |   10.332|
A<10>          |P<18>          |   10.332|
A<10>          |P<19>          |   10.325|
A<10>          |P<20>          |   10.136|
A<10>          |P<21>          |   10.382|
A<10>          |P<22>          |   10.242|
A<10>          |P<23>          |   10.394|
A<10>          |P<24>          |   10.470|
A<10>          |P<25>          |   10.310|
A<10>          |P<26>          |   10.339|
A<10>          |P<27>          |   10.359|
A<10>          |P<28>          |   10.473|
A<10>          |P<29>          |   10.337|
A<10>          |P<30>          |   10.383|
A<10>          |P<31>          |   10.606|
A<10>          |P<32>          |   10.566|
A<10>          |P<33>          |   10.588|
A<11>          |P<0>           |   12.045|
A<11>          |P<1>           |   12.046|
A<11>          |P<2>           |   11.885|
A<11>          |P<3>           |   11.755|
A<11>          |P<4>           |   11.611|
A<11>          |P<5>           |   18.776|
A<11>          |P<6>           |   10.133|
A<11>          |P<7>           |    9.740|
A<11>          |P<8>           |    9.906|
A<11>          |P<9>           |    9.706|
A<11>          |P<10>          |    9.684|
A<11>          |P<11>          |   10.164|
A<11>          |P<12>          |   10.223|
A<11>          |P<13>          |   10.340|
A<11>          |P<14>          |   10.030|
A<11>          |P<15>          |   10.415|
A<11>          |P<16>          |   10.437|
A<11>          |P<17>          |   10.438|
A<11>          |P<18>          |   10.438|
A<11>          |P<19>          |   10.431|
A<11>          |P<20>          |   10.242|
A<11>          |P<21>          |   10.488|
A<11>          |P<22>          |   10.348|
A<11>          |P<23>          |   10.500|
A<11>          |P<24>          |   10.576|
A<11>          |P<25>          |   10.416|
A<11>          |P<26>          |   10.445|
A<11>          |P<27>          |   10.465|
A<11>          |P<28>          |   10.579|
A<11>          |P<29>          |   10.443|
A<11>          |P<30>          |   10.489|
A<11>          |P<31>          |   10.712|
A<11>          |P<32>          |   10.672|
A<11>          |P<33>          |   10.694|
A<12>          |P<0>           |   11.904|
A<12>          |P<1>           |   11.905|
A<12>          |P<2>           |   11.744|
A<12>          |P<3>           |   11.614|
A<12>          |P<4>           |   11.470|
A<12>          |P<5>           |   18.635|
A<12>          |P<6>           |    9.992|
A<12>          |P<7>           |    9.599|
A<12>          |P<8>           |    9.765|
A<12>          |P<9>           |    9.565|
A<12>          |P<10>          |    9.543|
A<12>          |P<11>          |   10.023|
A<12>          |P<12>          |   10.082|
A<12>          |P<13>          |   10.199|
A<12>          |P<14>          |    9.889|
A<12>          |P<15>          |   10.274|
A<12>          |P<16>          |   10.296|
A<12>          |P<17>          |   10.297|
A<12>          |P<18>          |   10.297|
A<12>          |P<19>          |   10.290|
A<12>          |P<20>          |   10.101|
A<12>          |P<21>          |   10.347|
A<12>          |P<22>          |   10.207|
A<12>          |P<23>          |   10.359|
A<12>          |P<24>          |   10.435|
A<12>          |P<25>          |   10.275|
A<12>          |P<26>          |   10.304|
A<12>          |P<27>          |   10.324|
A<12>          |P<28>          |   10.438|
A<12>          |P<29>          |   10.302|
A<12>          |P<30>          |   10.348|
A<12>          |P<31>          |   10.571|
A<12>          |P<32>          |   10.531|
A<12>          |P<33>          |   10.553|
A<13>          |P<0>           |   12.071|
A<13>          |P<1>           |   12.072|
A<13>          |P<2>           |   11.911|
A<13>          |P<3>           |   11.781|
A<13>          |P<4>           |   11.637|
A<13>          |P<5>           |   18.802|
A<13>          |P<6>           |   10.159|
A<13>          |P<7>           |    9.766|
A<13>          |P<8>           |    9.932|
A<13>          |P<9>           |    9.732|
A<13>          |P<10>          |    9.710|
A<13>          |P<11>          |   10.190|
A<13>          |P<12>          |   10.249|
A<13>          |P<13>          |   10.366|
A<13>          |P<14>          |   10.056|
A<13>          |P<15>          |   10.441|
A<13>          |P<16>          |   10.463|
A<13>          |P<17>          |   10.464|
A<13>          |P<18>          |   10.464|
A<13>          |P<19>          |   10.457|
A<13>          |P<20>          |   10.268|
A<13>          |P<21>          |   10.514|
A<13>          |P<22>          |   10.374|
A<13>          |P<23>          |   10.526|
A<13>          |P<24>          |   10.602|
A<13>          |P<25>          |   10.442|
A<13>          |P<26>          |   10.471|
A<13>          |P<27>          |   10.491|
A<13>          |P<28>          |   10.605|
A<13>          |P<29>          |   10.469|
A<13>          |P<30>          |   10.515|
A<13>          |P<31>          |   10.738|
A<13>          |P<32>          |   10.698|
A<13>          |P<33>          |   10.720|
A<14>          |P<0>           |   12.304|
A<14>          |P<1>           |   12.305|
A<14>          |P<2>           |   12.144|
A<14>          |P<3>           |   12.014|
A<14>          |P<4>           |   11.870|
A<14>          |P<5>           |   19.035|
A<14>          |P<6>           |   10.392|
A<14>          |P<7>           |    9.999|
A<14>          |P<8>           |   10.165|
A<14>          |P<9>           |    9.965|
A<14>          |P<10>          |    9.943|
A<14>          |P<11>          |   10.423|
A<14>          |P<12>          |   10.482|
A<14>          |P<13>          |   10.599|
A<14>          |P<14>          |   10.289|
A<14>          |P<15>          |   10.674|
A<14>          |P<16>          |   10.696|
A<14>          |P<17>          |   10.697|
A<14>          |P<18>          |   10.697|
A<14>          |P<19>          |   10.690|
A<14>          |P<20>          |   10.501|
A<14>          |P<21>          |   10.747|
A<14>          |P<22>          |   10.607|
A<14>          |P<23>          |   10.759|
A<14>          |P<24>          |   10.835|
A<14>          |P<25>          |   10.675|
A<14>          |P<26>          |   10.704|
A<14>          |P<27>          |   10.724|
A<14>          |P<28>          |   10.838|
A<14>          |P<29>          |   10.702|
A<14>          |P<30>          |   10.748|
A<14>          |P<31>          |   10.971|
A<14>          |P<32>          |   10.931|
A<14>          |P<33>          |   10.953|
A<15>          |P<0>           |   12.304|
A<15>          |P<1>           |   12.305|
A<15>          |P<2>           |   12.144|
A<15>          |P<3>           |   12.014|
A<15>          |P<4>           |   11.870|
A<15>          |P<5>           |   19.035|
A<15>          |P<6>           |   10.392|
A<15>          |P<7>           |    9.999|
A<15>          |P<8>           |   10.165|
A<15>          |P<9>           |    9.965|
A<15>          |P<10>          |    9.943|
A<15>          |P<11>          |   10.423|
A<15>          |P<12>          |   10.482|
A<15>          |P<13>          |   10.599|
A<15>          |P<14>          |   10.289|
A<15>          |P<15>          |   10.674|
A<15>          |P<16>          |   10.696|
A<15>          |P<17>          |   10.697|
A<15>          |P<18>          |   10.697|
A<15>          |P<19>          |   10.690|
A<15>          |P<20>          |   10.501|
A<15>          |P<21>          |   10.747|
A<15>          |P<22>          |   10.607|
A<15>          |P<23>          |   10.759|
A<15>          |P<24>          |   10.835|
A<15>          |P<25>          |   10.675|
A<15>          |P<26>          |   10.704|
A<15>          |P<27>          |   10.724|
A<15>          |P<28>          |   10.838|
A<15>          |P<29>          |   10.702|
A<15>          |P<30>          |   10.748|
A<15>          |P<31>          |   10.971|
A<15>          |P<32>          |   10.931|
A<15>          |P<33>          |   10.953|
A<16>          |P<0>           |   12.292|
A<16>          |P<1>           |   12.293|
A<16>          |P<2>           |   12.132|
A<16>          |P<3>           |   12.002|
A<16>          |P<4>           |   11.858|
A<16>          |P<5>           |   19.023|
A<16>          |P<6>           |   10.380|
A<16>          |P<7>           |    9.987|
A<16>          |P<8>           |   10.153|
A<16>          |P<9>           |    9.953|
A<16>          |P<10>          |    9.931|
A<16>          |P<11>          |   10.411|
A<16>          |P<12>          |   10.470|
A<16>          |P<13>          |   10.587|
A<16>          |P<14>          |   10.277|
A<16>          |P<15>          |   10.662|
A<16>          |P<16>          |   10.684|
A<16>          |P<17>          |   10.685|
A<16>          |P<18>          |   10.685|
A<16>          |P<19>          |   10.678|
A<16>          |P<20>          |   10.489|
A<16>          |P<21>          |   10.735|
A<16>          |P<22>          |   10.595|
A<16>          |P<23>          |   10.747|
A<16>          |P<24>          |   10.823|
A<16>          |P<25>          |   10.663|
A<16>          |P<26>          |   10.692|
A<16>          |P<27>          |   10.712|
A<16>          |P<28>          |   10.826|
A<16>          |P<29>          |   10.690|
A<16>          |P<30>          |   10.736|
A<16>          |P<31>          |   10.959|
A<16>          |P<32>          |   10.919|
A<16>          |P<33>          |   10.941|
B<0>           |P<0>           |   11.713|
B<0>           |P<1>           |   11.714|
B<0>           |P<2>           |   11.553|
B<0>           |P<3>           |   11.423|
B<0>           |P<4>           |   11.279|
B<0>           |P<5>           |   18.444|
B<0>           |P<6>           |    9.801|
B<0>           |P<7>           |    9.408|
B<0>           |P<8>           |    9.574|
B<0>           |P<9>           |    9.374|
B<0>           |P<10>          |    9.352|
B<0>           |P<11>          |    9.832|
B<0>           |P<12>          |    9.891|
B<0>           |P<13>          |   10.008|
B<0>           |P<14>          |    9.698|
B<0>           |P<15>          |   10.083|
B<0>           |P<16>          |   10.105|
B<0>           |P<17>          |   10.106|
B<0>           |P<18>          |   10.106|
B<0>           |P<19>          |   10.099|
B<0>           |P<20>          |    9.910|
B<0>           |P<21>          |   10.156|
B<0>           |P<22>          |   10.016|
B<0>           |P<23>          |   10.168|
B<0>           |P<24>          |   10.244|
B<0>           |P<25>          |   10.084|
B<0>           |P<26>          |   10.113|
B<0>           |P<27>          |   10.133|
B<0>           |P<28>          |   10.247|
B<0>           |P<29>          |   10.111|
B<0>           |P<30>          |   10.157|
B<0>           |P<31>          |   10.380|
B<0>           |P<32>          |   10.340|
B<0>           |P<33>          |   10.362|
B<1>           |P<0>           |   13.115|
B<1>           |P<1>           |   13.116|
B<1>           |P<2>           |   12.955|
B<1>           |P<3>           |   12.825|
B<1>           |P<4>           |   12.681|
B<1>           |P<5>           |   19.846|
B<1>           |P<6>           |   11.203|
B<1>           |P<7>           |   10.810|
B<1>           |P<8>           |   10.976|
B<1>           |P<9>           |   10.776|
B<1>           |P<10>          |   10.754|
B<1>           |P<11>          |   11.234|
B<1>           |P<12>          |   11.293|
B<1>           |P<13>          |   11.410|
B<1>           |P<14>          |   11.100|
B<1>           |P<15>          |   11.485|
B<1>           |P<16>          |   11.507|
B<1>           |P<17>          |   11.508|
B<1>           |P<18>          |   11.508|
B<1>           |P<19>          |   11.501|
B<1>           |P<20>          |   11.312|
B<1>           |P<21>          |   11.558|
B<1>           |P<22>          |   11.418|
B<1>           |P<23>          |   11.570|
B<1>           |P<24>          |   11.646|
B<1>           |P<25>          |   11.486|
B<1>           |P<26>          |   11.515|
B<1>           |P<27>          |   11.535|
B<1>           |P<28>          |   11.649|
B<1>           |P<29>          |   11.513|
B<1>           |P<30>          |   11.559|
B<1>           |P<31>          |   11.782|
B<1>           |P<32>          |   11.742|
B<1>           |P<33>          |   11.764|
B<2>           |P<0>           |   13.057|
B<2>           |P<1>           |   13.058|
B<2>           |P<2>           |   12.897|
B<2>           |P<3>           |   12.767|
B<2>           |P<4>           |   12.623|
B<2>           |P<5>           |   19.788|
B<2>           |P<6>           |   11.145|
B<2>           |P<7>           |   10.752|
B<2>           |P<8>           |   10.918|
B<2>           |P<9>           |   10.718|
B<2>           |P<10>          |   10.696|
B<2>           |P<11>          |   11.176|
B<2>           |P<12>          |   11.235|
B<2>           |P<13>          |   11.352|
B<2>           |P<14>          |   11.042|
B<2>           |P<15>          |   11.427|
B<2>           |P<16>          |   11.449|
B<2>           |P<17>          |   11.450|
B<2>           |P<18>          |   11.450|
B<2>           |P<19>          |   11.443|
B<2>           |P<20>          |   11.254|
B<2>           |P<21>          |   11.500|
B<2>           |P<22>          |   11.360|
B<2>           |P<23>          |   11.512|
B<2>           |P<24>          |   11.588|
B<2>           |P<25>          |   11.428|
B<2>           |P<26>          |   11.457|
B<2>           |P<27>          |   11.477|
B<2>           |P<28>          |   11.591|
B<2>           |P<29>          |   11.455|
B<2>           |P<30>          |   11.501|
B<2>           |P<31>          |   11.724|
B<2>           |P<32>          |   11.684|
B<2>           |P<33>          |   11.706|
B<3>           |P<0>           |   18.707|
B<3>           |P<1>           |   18.708|
B<3>           |P<2>           |   18.547|
B<3>           |P<3>           |   18.417|
B<3>           |P<4>           |   18.273|
B<3>           |P<5>           |   25.438|
B<3>           |P<6>           |   16.795|
B<3>           |P<7>           |   16.402|
B<3>           |P<8>           |   16.568|
B<3>           |P<9>           |   16.368|
B<3>           |P<10>          |   16.346|
B<3>           |P<11>          |   16.826|
B<3>           |P<12>          |   16.885|
B<3>           |P<13>          |   17.002|
B<3>           |P<14>          |   16.692|
B<3>           |P<15>          |   17.077|
B<3>           |P<16>          |   17.099|
B<3>           |P<17>          |   17.100|
B<3>           |P<18>          |   17.100|
B<3>           |P<19>          |   17.093|
B<3>           |P<20>          |   16.904|
B<3>           |P<21>          |   17.150|
B<3>           |P<22>          |   17.010|
B<3>           |P<23>          |   17.162|
B<3>           |P<24>          |   17.238|
B<3>           |P<25>          |   17.078|
B<3>           |P<26>          |   17.107|
B<3>           |P<27>          |   17.127|
B<3>           |P<28>          |   17.241|
B<3>           |P<29>          |   17.105|
B<3>           |P<30>          |   17.151|
B<3>           |P<31>          |   17.374|
B<3>           |P<32>          |   17.334|
B<3>           |P<33>          |   17.356|
B<4>           |P<0>           |   12.679|
B<4>           |P<1>           |   12.680|
B<4>           |P<2>           |   12.519|
B<4>           |P<3>           |   12.389|
B<4>           |P<4>           |   12.245|
B<4>           |P<5>           |   19.410|
B<4>           |P<6>           |   10.767|
B<4>           |P<7>           |   10.374|
B<4>           |P<8>           |   10.540|
B<4>           |P<9>           |   10.340|
B<4>           |P<10>          |   10.318|
B<4>           |P<11>          |   10.798|
B<4>           |P<12>          |   10.857|
B<4>           |P<13>          |   10.974|
B<4>           |P<14>          |   10.664|
B<4>           |P<15>          |   11.049|
B<4>           |P<16>          |   11.071|
B<4>           |P<17>          |   11.072|
B<4>           |P<18>          |   11.072|
B<4>           |P<19>          |   11.065|
B<4>           |P<20>          |   10.876|
B<4>           |P<21>          |   11.122|
B<4>           |P<22>          |   10.982|
B<4>           |P<23>          |   11.134|
B<4>           |P<24>          |   11.210|
B<4>           |P<25>          |   11.050|
B<4>           |P<26>          |   11.079|
B<4>           |P<27>          |   11.099|
B<4>           |P<28>          |   11.213|
B<4>           |P<29>          |   11.077|
B<4>           |P<30>          |   11.123|
B<4>           |P<31>          |   11.346|
B<4>           |P<32>          |   11.306|
B<4>           |P<33>          |   11.328|
B<5>           |P<0>           |   12.679|
B<5>           |P<1>           |   12.680|
B<5>           |P<2>           |   12.519|
B<5>           |P<3>           |   12.389|
B<5>           |P<4>           |   12.245|
B<5>           |P<5>           |   19.410|
B<5>           |P<6>           |   10.767|
B<5>           |P<7>           |   10.374|
B<5>           |P<8>           |   10.540|
B<5>           |P<9>           |   10.340|
B<5>           |P<10>          |   10.318|
B<5>           |P<11>          |   10.798|
B<5>           |P<12>          |   10.857|
B<5>           |P<13>          |   10.974|
B<5>           |P<14>          |   10.664|
B<5>           |P<15>          |   11.049|
B<5>           |P<16>          |   11.071|
B<5>           |P<17>          |   11.072|
B<5>           |P<18>          |   11.072|
B<5>           |P<19>          |   11.065|
B<5>           |P<20>          |   10.876|
B<5>           |P<21>          |   11.122|
B<5>           |P<22>          |   10.982|
B<5>           |P<23>          |   11.134|
B<5>           |P<24>          |   11.210|
B<5>           |P<25>          |   11.050|
B<5>           |P<26>          |   11.079|
B<5>           |P<27>          |   11.099|
B<5>           |P<28>          |   11.213|
B<5>           |P<29>          |   11.077|
B<5>           |P<30>          |   11.123|
B<5>           |P<31>          |   11.346|
B<5>           |P<32>          |   11.306|
B<5>           |P<33>          |   11.328|
B<6>           |P<0>           |   12.679|
B<6>           |P<1>           |   12.680|
B<6>           |P<2>           |   12.519|
B<6>           |P<3>           |   12.389|
B<6>           |P<4>           |   12.245|
B<6>           |P<5>           |   19.410|
B<6>           |P<6>           |   10.767|
B<6>           |P<7>           |   10.374|
B<6>           |P<8>           |   10.540|
B<6>           |P<9>           |   10.340|
B<6>           |P<10>          |   10.318|
B<6>           |P<11>          |   10.798|
B<6>           |P<12>          |   10.857|
B<6>           |P<13>          |   10.974|
B<6>           |P<14>          |   10.664|
B<6>           |P<15>          |   11.049|
B<6>           |P<16>          |   11.071|
B<6>           |P<17>          |   11.072|
B<6>           |P<18>          |   11.072|
B<6>           |P<19>          |   11.065|
B<6>           |P<20>          |   10.876|
B<6>           |P<21>          |   11.122|
B<6>           |P<22>          |   10.982|
B<6>           |P<23>          |   11.134|
B<6>           |P<24>          |   11.210|
B<6>           |P<25>          |   11.050|
B<6>           |P<26>          |   11.079|
B<6>           |P<27>          |   11.099|
B<6>           |P<28>          |   11.213|
B<6>           |P<29>          |   11.077|
B<6>           |P<30>          |   11.123|
B<6>           |P<31>          |   11.346|
B<6>           |P<32>          |   11.306|
B<6>           |P<33>          |   11.328|
B<7>           |P<0>           |   12.729|
B<7>           |P<1>           |   12.730|
B<7>           |P<2>           |   12.569|
B<7>           |P<3>           |   12.439|
B<7>           |P<4>           |   12.295|
B<7>           |P<5>           |   19.460|
B<7>           |P<6>           |   10.817|
B<7>           |P<7>           |   10.424|
B<7>           |P<8>           |   10.590|
B<7>           |P<9>           |   10.390|
B<7>           |P<10>          |   10.368|
B<7>           |P<11>          |   10.848|
B<7>           |P<12>          |   10.907|
B<7>           |P<13>          |   11.024|
B<7>           |P<14>          |   10.714|
B<7>           |P<15>          |   11.099|
B<7>           |P<16>          |   11.121|
B<7>           |P<17>          |   11.122|
B<7>           |P<18>          |   11.122|
B<7>           |P<19>          |   11.115|
B<7>           |P<20>          |   10.926|
B<7>           |P<21>          |   11.172|
B<7>           |P<22>          |   11.032|
B<7>           |P<23>          |   11.184|
B<7>           |P<24>          |   11.260|
B<7>           |P<25>          |   11.100|
B<7>           |P<26>          |   11.129|
B<7>           |P<27>          |   11.149|
B<7>           |P<28>          |   11.263|
B<7>           |P<29>          |   11.127|
B<7>           |P<30>          |   11.173|
B<7>           |P<31>          |   11.396|
B<7>           |P<32>          |   11.356|
B<7>           |P<33>          |   11.378|
B<8>           |P<0>           |   12.921|
B<8>           |P<1>           |   12.922|
B<8>           |P<2>           |   12.761|
B<8>           |P<3>           |   12.631|
B<8>           |P<4>           |   12.487|
B<8>           |P<5>           |   19.652|
B<8>           |P<6>           |   11.009|
B<8>           |P<7>           |   10.616|
B<8>           |P<8>           |   10.782|
B<8>           |P<9>           |   10.582|
B<8>           |P<10>          |   10.560|
B<8>           |P<11>          |   11.040|
B<8>           |P<12>          |   11.099|
B<8>           |P<13>          |   11.216|
B<8>           |P<14>          |   10.906|
B<8>           |P<15>          |   11.291|
B<8>           |P<16>          |   11.313|
B<8>           |P<17>          |   11.314|
B<8>           |P<18>          |   11.314|
B<8>           |P<19>          |   11.307|
B<8>           |P<20>          |   11.118|
B<8>           |P<21>          |   11.364|
B<8>           |P<22>          |   11.224|
B<8>           |P<23>          |   11.376|
B<8>           |P<24>          |   11.452|
B<8>           |P<25>          |   11.292|
B<8>           |P<26>          |   11.321|
B<8>           |P<27>          |   11.341|
B<8>           |P<28>          |   11.455|
B<8>           |P<29>          |   11.319|
B<8>           |P<30>          |   11.365|
B<8>           |P<31>          |   11.588|
B<8>           |P<32>          |   11.548|
B<8>           |P<33>          |   11.570|
B<9>           |P<0>           |   13.230|
B<9>           |P<1>           |   13.231|
B<9>           |P<2>           |   13.070|
B<9>           |P<3>           |   12.940|
B<9>           |P<4>           |   12.796|
B<9>           |P<5>           |   19.961|
B<9>           |P<6>           |   11.318|
B<9>           |P<7>           |   10.925|
B<9>           |P<8>           |   11.091|
B<9>           |P<9>           |   10.891|
B<9>           |P<10>          |   10.869|
B<9>           |P<11>          |   11.349|
B<9>           |P<12>          |   11.408|
B<9>           |P<13>          |   11.525|
B<9>           |P<14>          |   11.215|
B<9>           |P<15>          |   11.600|
B<9>           |P<16>          |   11.622|
B<9>           |P<17>          |   11.623|
B<9>           |P<18>          |   11.623|
B<9>           |P<19>          |   11.616|
B<9>           |P<20>          |   11.427|
B<9>           |P<21>          |   11.673|
B<9>           |P<22>          |   11.533|
B<9>           |P<23>          |   11.685|
B<9>           |P<24>          |   11.761|
B<9>           |P<25>          |   11.601|
B<9>           |P<26>          |   11.630|
B<9>           |P<27>          |   11.650|
B<9>           |P<28>          |   11.764|
B<9>           |P<29>          |   11.628|
B<9>           |P<30>          |   11.674|
B<9>           |P<31>          |   11.897|
B<9>           |P<32>          |   11.857|
B<9>           |P<33>          |   11.879|
B<10>          |P<0>           |   13.069|
B<10>          |P<1>           |   13.070|
B<10>          |P<2>           |   12.909|
B<10>          |P<3>           |   12.779|
B<10>          |P<4>           |   12.635|
B<10>          |P<5>           |   19.800|
B<10>          |P<6>           |   11.157|
B<10>          |P<7>           |   10.764|
B<10>          |P<8>           |   10.930|
B<10>          |P<9>           |   10.730|
B<10>          |P<10>          |   10.708|
B<10>          |P<11>          |   11.188|
B<10>          |P<12>          |   11.247|
B<10>          |P<13>          |   11.364|
B<10>          |P<14>          |   11.054|
B<10>          |P<15>          |   11.439|
B<10>          |P<16>          |   11.461|
B<10>          |P<17>          |   11.462|
B<10>          |P<18>          |   11.462|
B<10>          |P<19>          |   11.455|
B<10>          |P<20>          |   11.266|
B<10>          |P<21>          |   11.512|
B<10>          |P<22>          |   11.372|
B<10>          |P<23>          |   11.524|
B<10>          |P<24>          |   11.600|
B<10>          |P<25>          |   11.440|
B<10>          |P<26>          |   11.469|
B<10>          |P<27>          |   11.489|
B<10>          |P<28>          |   11.603|
B<10>          |P<29>          |   11.467|
B<10>          |P<30>          |   11.513|
B<10>          |P<31>          |   11.736|
B<10>          |P<32>          |   11.696|
B<10>          |P<33>          |   11.718|
B<11>          |P<0>           |   13.162|
B<11>          |P<1>           |   13.163|
B<11>          |P<2>           |   13.002|
B<11>          |P<3>           |   12.872|
B<11>          |P<4>           |   12.728|
B<11>          |P<5>           |   19.893|
B<11>          |P<6>           |   11.250|
B<11>          |P<7>           |   10.857|
B<11>          |P<8>           |   11.023|
B<11>          |P<9>           |   10.823|
B<11>          |P<10>          |   10.801|
B<11>          |P<11>          |   11.281|
B<11>          |P<12>          |   11.340|
B<11>          |P<13>          |   11.457|
B<11>          |P<14>          |   11.147|
B<11>          |P<15>          |   11.532|
B<11>          |P<16>          |   11.554|
B<11>          |P<17>          |   11.555|
B<11>          |P<18>          |   11.555|
B<11>          |P<19>          |   11.548|
B<11>          |P<20>          |   11.359|
B<11>          |P<21>          |   11.605|
B<11>          |P<22>          |   11.465|
B<11>          |P<23>          |   11.617|
B<11>          |P<24>          |   11.693|
B<11>          |P<25>          |   11.533|
B<11>          |P<26>          |   11.562|
B<11>          |P<27>          |   11.582|
B<11>          |P<28>          |   11.696|
B<11>          |P<29>          |   11.560|
B<11>          |P<30>          |   11.606|
B<11>          |P<31>          |   11.829|
B<11>          |P<32>          |   11.789|
B<11>          |P<33>          |   11.811|
B<12>          |P<0>           |   13.158|
B<12>          |P<1>           |   13.159|
B<12>          |P<2>           |   12.998|
B<12>          |P<3>           |   12.868|
B<12>          |P<4>           |   12.724|
B<12>          |P<5>           |   19.889|
B<12>          |P<6>           |   11.246|
B<12>          |P<7>           |   10.853|
B<12>          |P<8>           |   11.019|
B<12>          |P<9>           |   10.819|
B<12>          |P<10>          |   10.797|
B<12>          |P<11>          |   11.277|
B<12>          |P<12>          |   11.336|
B<12>          |P<13>          |   11.453|
B<12>          |P<14>          |   11.143|
B<12>          |P<15>          |   11.528|
B<12>          |P<16>          |   11.550|
B<12>          |P<17>          |   11.551|
B<12>          |P<18>          |   11.551|
B<12>          |P<19>          |   11.544|
B<12>          |P<20>          |   11.355|
B<12>          |P<21>          |   11.601|
B<12>          |P<22>          |   11.461|
B<12>          |P<23>          |   11.613|
B<12>          |P<24>          |   11.689|
B<12>          |P<25>          |   11.529|
B<12>          |P<26>          |   11.558|
B<12>          |P<27>          |   11.578|
B<12>          |P<28>          |   11.692|
B<12>          |P<29>          |   11.556|
B<12>          |P<30>          |   11.602|
B<12>          |P<31>          |   11.825|
B<12>          |P<32>          |   11.785|
B<12>          |P<33>          |   11.807|
B<13>          |P<0>           |   13.750|
B<13>          |P<1>           |   13.751|
B<13>          |P<2>           |   13.590|
B<13>          |P<3>           |   13.460|
B<13>          |P<4>           |   13.316|
B<13>          |P<5>           |   20.481|
B<13>          |P<6>           |   11.838|
B<13>          |P<7>           |   11.445|
B<13>          |P<8>           |   11.611|
B<13>          |P<9>           |   11.411|
B<13>          |P<10>          |   11.389|
B<13>          |P<11>          |   11.869|
B<13>          |P<12>          |   11.928|
B<13>          |P<13>          |   12.045|
B<13>          |P<14>          |   11.735|
B<13>          |P<15>          |   12.120|
B<13>          |P<16>          |   12.142|
B<13>          |P<17>          |   12.143|
B<13>          |P<18>          |   12.143|
B<13>          |P<19>          |   12.136|
B<13>          |P<20>          |   11.947|
B<13>          |P<21>          |   12.193|
B<13>          |P<22>          |   12.053|
B<13>          |P<23>          |   12.205|
B<13>          |P<24>          |   12.281|
B<13>          |P<25>          |   12.121|
B<13>          |P<26>          |   12.150|
B<13>          |P<27>          |   12.170|
B<13>          |P<28>          |   12.284|
B<13>          |P<29>          |   12.148|
B<13>          |P<30>          |   12.194|
B<13>          |P<31>          |   12.417|
B<13>          |P<32>          |   12.377|
B<13>          |P<33>          |   12.399|
B<14>          |P<0>           |   13.750|
B<14>          |P<1>           |   13.751|
B<14>          |P<2>           |   13.590|
B<14>          |P<3>           |   13.460|
B<14>          |P<4>           |   13.316|
B<14>          |P<5>           |   20.481|
B<14>          |P<6>           |   11.838|
B<14>          |P<7>           |   11.445|
B<14>          |P<8>           |   11.611|
B<14>          |P<9>           |   11.411|
B<14>          |P<10>          |   11.389|
B<14>          |P<11>          |   11.869|
B<14>          |P<12>          |   11.928|
B<14>          |P<13>          |   12.045|
B<14>          |P<14>          |   11.735|
B<14>          |P<15>          |   12.120|
B<14>          |P<16>          |   12.142|
B<14>          |P<17>          |   12.143|
B<14>          |P<18>          |   12.143|
B<14>          |P<19>          |   12.136|
B<14>          |P<20>          |   11.947|
B<14>          |P<21>          |   12.193|
B<14>          |P<22>          |   12.053|
B<14>          |P<23>          |   12.205|
B<14>          |P<24>          |   12.281|
B<14>          |P<25>          |   12.121|
B<14>          |P<26>          |   12.150|
B<14>          |P<27>          |   12.170|
B<14>          |P<28>          |   12.284|
B<14>          |P<29>          |   12.148|
B<14>          |P<30>          |   12.194|
B<14>          |P<31>          |   12.417|
B<14>          |P<32>          |   12.377|
B<14>          |P<33>          |   12.399|
B<15>          |P<0>           |   13.590|
B<15>          |P<1>           |   13.591|
B<15>          |P<2>           |   13.430|
B<15>          |P<3>           |   13.300|
B<15>          |P<4>           |   13.156|
B<15>          |P<5>           |   20.321|
B<15>          |P<6>           |   11.678|
B<15>          |P<7>           |   11.285|
B<15>          |P<8>           |   11.451|
B<15>          |P<9>           |   11.251|
B<15>          |P<10>          |   11.229|
B<15>          |P<11>          |   11.709|
B<15>          |P<12>          |   11.768|
B<15>          |P<13>          |   11.885|
B<15>          |P<14>          |   11.575|
B<15>          |P<15>          |   11.960|
B<15>          |P<16>          |   11.982|
B<15>          |P<17>          |   11.983|
B<15>          |P<18>          |   11.983|
B<15>          |P<19>          |   11.976|
B<15>          |P<20>          |   11.787|
B<15>          |P<21>          |   12.033|
B<15>          |P<22>          |   11.893|
B<15>          |P<23>          |   12.045|
B<15>          |P<24>          |   12.121|
B<15>          |P<25>          |   11.961|
B<15>          |P<26>          |   11.990|
B<15>          |P<27>          |   12.010|
B<15>          |P<28>          |   12.124|
B<15>          |P<29>          |   11.988|
B<15>          |P<30>          |   12.034|
B<15>          |P<31>          |   12.257|
B<15>          |P<32>          |   12.217|
B<15>          |P<33>          |   12.239|
B<16>          |P<0>           |   13.618|
B<16>          |P<1>           |   13.619|
B<16>          |P<2>           |   13.458|
B<16>          |P<3>           |   13.328|
B<16>          |P<4>           |   13.184|
B<16>          |P<5>           |   20.349|
B<16>          |P<6>           |   11.706|
B<16>          |P<7>           |   11.313|
B<16>          |P<8>           |   11.479|
B<16>          |P<9>           |   11.279|
B<16>          |P<10>          |   11.257|
B<16>          |P<11>          |   11.737|
B<16>          |P<12>          |   11.796|
B<16>          |P<13>          |   11.913|
B<16>          |P<14>          |   11.603|
B<16>          |P<15>          |   11.988|
B<16>          |P<16>          |   12.010|
B<16>          |P<17>          |   12.011|
B<16>          |P<18>          |   12.011|
B<16>          |P<19>          |   12.004|
B<16>          |P<20>          |   11.815|
B<16>          |P<21>          |   12.061|
B<16>          |P<22>          |   11.921|
B<16>          |P<23>          |   12.073|
B<16>          |P<24>          |   12.149|
B<16>          |P<25>          |   11.989|
B<16>          |P<26>          |   12.018|
B<16>          |P<27>          |   12.038|
B<16>          |P<28>          |   12.152|
B<16>          |P<29>          |   12.016|
B<16>          |P<30>          |   12.062|
B<16>          |P<31>          |   12.285|
B<16>          |P<32>          |   12.245|
B<16>          |P<33>          |   12.267|
---------------+---------------+---------+


Analysis completed Sun Sep 16 14:24:56 2018 
--------------------------------------------------------------------------------

Trace Settings:
-------------------------
Trace Settings 

Peak Memory Usage: 257 MB



