V3 6
FL C:/Users/Samuel/Desktop/Practicas_FPGa_nexys2/Tare2/tres.vhd 2018/09/03.09:14:11 P.58f
EN work/tres 1535984053 \
      FL C:/Users/Samuel/Desktop/Practicas_FPGa_nexys2/Tare2/tres.vhd LB UNISIM \
      PB ieee/std_logic_1164 1364358218 PH unisim/VCOMPONENTS 1364358225
AR work/tres/estruc 1535984054 \
      FL C:/Users/Samuel/Desktop/Practicas_FPGa_nexys2/Tare2/tres.vhd \
      EN work/tres 1535984053 CP and2 CP or3
