V3 3
FL C:/Users/Samuel/Desktop/Practicas_FPGa_nexys2/multiplicador/multiplicador.vhd 2018/09/16.13:12:39 P.58f
EN work/multiplicador 1537121562 \
      FL C:/Users/Samuel/Desktop/Practicas_FPGa_nexys2/multiplicador/multiplicador.vhd \
      PB ieee/std_logic_1164 1364358218 PB ieee/std_logic_arith 1364358219 \
      PB ieee/STD_LOGIC_UNSIGNED 1364358221
AR work/multiplicador/Arq_multiplicador 1537121563 \
      FL C:/Users/Samuel/Desktop/Practicas_FPGa_nexys2/multiplicador/multiplicador.vhd \
      EN work/multiplicador 1537121562
