V3 3
FL C:/Users/Samuel/Desktop/Practicas_FPGa_nexys2/Practica2_ELSE_IF/And_OR.vhd 2018/02/17.15:58:54 P.58f
EN work/And_OR 1518904736 \
      FL C:/Users/Samuel/Desktop/Practicas_FPGa_nexys2/Practica2_ELSE_IF/And_OR.vhd \
      PB ieee/std_logic_1164 1364358218
AR work/And_OR/Funcional 1518904737 \
      FL C:/Users/Samuel/Desktop/Practicas_FPGa_nexys2/Practica2_ELSE_IF/And_OR.vhd \
      EN work/And_OR 1518904736
