V3 3
FL C:/Users/Samuel/Desktop/Practicas_FPGa_nexys2/Sensor/ADC.vhd 2015/08/05.11:43:48 P.58f
EN work/ADC 1539365822 \
      FL C:/Users/Samuel/Desktop/Practicas_FPGa_nexys2/Sensor/ADC.vhd \
      PB ieee/std_logic_1164 1364358218 PB ieee/std_logic_arith 1364358219 \
      PB ieee/STD_LOGIC_UNSIGNED 1364358221
AR work/ADC/ADC_Arq 1539365823 \
      FL C:/Users/Samuel/Desktop/Practicas_FPGa_nexys2/Sensor/ADC.vhd EN work/ADC 1539365822
