--------------------------------------------------------------------------------
Release 14.5 Trace  (nt64)
Copyright (c) 1995-2012 Xilinx, Inc.  All rights reserved.

C:\Xilinx\14.5\ISE_DS\ISE\bin\nt64\unwrapped\trce.exe -intstyle ise -v 3 -s 5
-n 3 -fastpaths -xml multiplicador.twx multiplicador.ncd -o multiplicador.twr
multiplicador.pcf -ucf multiplicador.ucf

Design file:              multiplicador.ncd
Physical constraint file: multiplicador.pcf
Device,package,speed:     xc3s1200e,fg320,-5 (PRODUCTION 1.27 2013-03-26)
Report level:             verbose report

Environment Variable      Effect 
--------------------      ------ 
NONE                      No environment variables were set
--------------------------------------------------------------------------------

INFO:Timing:2698 - No timing constraints found, doing default enumeration.
INFO:Timing:3412 - To improve timing, see the Timing Closure User Guide (UG612).
INFO:Timing:2752 - To get complete path coverage, use the unconstrained paths 
   option. All paths that are not constrained will be reported in the 
   unconstrained paths section(s) of the report.
INFO:Timing:3339 - The clock-to-out numbers in this timing report are based on 
   a 50 Ohm transmission line loading model.  For the details of this model, 
   and for more information on accounting for different loading conditions, 
   please see the device datasheet.
INFO:Timing:3390 - This architecture does not support a default System Jitter 
   value, please add SYSTEM_JITTER constraint to the UCF to modify the Clock 
   Uncertainty calculation.
INFO:Timing:3389 - This architecture does not support 'Discrete Jitter' and 
   'Phase Error' calculations, these terms will be zero in the Clock 
   Uncertainty calculation.  Please make appropriate modification to 
   SYSTEM_JITTER to account for the unsupported Discrete Jitter and Phase 
   Error.



Data Sheet report:
-----------------
All values displayed in nanoseconds (ns)

Pad to Pad
---------------+---------------+---------+
Source Pad     |Destination Pad|  Delay  |
---------------+---------------+---------+
A<0>           |P<0>           |   12.542|
A<0>           |P<1>           |   12.161|
A<0>           |P<2>           |   14.141|
A<0>           |P<3>           |   12.838|
A<0>           |P<4>           |   11.222|
A<0>           |P<5>           |   11.045|
A<0>           |P<6>           |   11.638|
A<0>           |P<7>           |   11.969|
A<0>           |P<8>           |   11.571|
A<0>           |P<9>           |   11.972|
A<0>           |P<10>          |   12.262|
A<0>           |P<11>          |   12.664|
A<0>           |P<12>          |   12.719|
A<0>           |P<13>          |   12.864|
A<0>           |P<14>          |   13.010|
A<0>           |P<15>          |   12.592|
A<0>           |P<16>          |   12.399|
A<0>           |P<17>          |   12.864|
A<0>           |P<18>          |   13.180|
A<0>           |P<19>          |   13.285|
A<0>           |P<20>          |   13.106|
A<0>           |P<21>          |   13.292|
A<0>           |P<22>          |   13.503|
A<0>           |P<23>          |   13.152|
A<0>           |P<24>          |   13.656|
A<0>           |P<25>          |   13.574|
A<0>           |P<26>          |   13.825|
A<0>           |P<27>          |   13.785|
A<0>           |P<28>          |   13.389|
A<0>           |P<29>          |   13.499|
A<0>           |P<30>          |   13.760|
A<0>           |P<31>          |   13.581|
A<0>           |P<32>          |   13.834|
A<0>           |P<33>          |   13.585|
A<1>           |P<1>           |   11.441|
A<1>           |P<2>           |   13.421|
A<1>           |P<3>           |   12.118|
A<1>           |P<4>           |   10.502|
A<1>           |P<5>           |   10.325|
A<1>           |P<6>           |   10.918|
A<1>           |P<7>           |   11.249|
A<1>           |P<8>           |   10.851|
A<1>           |P<9>           |   11.252|
A<1>           |P<10>          |   11.542|
A<1>           |P<11>          |   11.944|
A<1>           |P<12>          |   11.999|
A<1>           |P<13>          |   12.144|
A<1>           |P<14>          |   12.290|
A<1>           |P<15>          |   11.872|
A<1>           |P<16>          |   11.679|
A<1>           |P<17>          |   12.144|
A<1>           |P<18>          |   12.460|
A<1>           |P<19>          |   12.565|
A<1>           |P<20>          |   12.386|
A<1>           |P<21>          |   12.572|
A<1>           |P<22>          |   12.783|
A<1>           |P<23>          |   12.432|
A<1>           |P<24>          |   12.936|
A<1>           |P<25>          |   12.854|
A<1>           |P<26>          |   13.105|
A<1>           |P<27>          |   13.065|
A<1>           |P<28>          |   12.669|
A<1>           |P<29>          |   12.779|
A<1>           |P<30>          |   13.040|
A<1>           |P<31>          |   12.861|
A<1>           |P<32>          |   13.114|
A<1>           |P<33>          |   12.865|
A<2>           |P<2>           |   13.643|
A<2>           |P<3>           |   12.340|
A<2>           |P<4>           |   10.724|
A<2>           |P<5>           |   10.547|
A<2>           |P<6>           |   11.140|
A<2>           |P<7>           |   11.471|
A<2>           |P<8>           |   11.073|
A<2>           |P<9>           |   11.474|
A<2>           |P<10>          |   11.764|
A<2>           |P<11>          |   12.166|
A<2>           |P<12>          |   12.221|
A<2>           |P<13>          |   12.366|
A<2>           |P<14>          |   12.512|
A<2>           |P<15>          |   12.094|
A<2>           |P<16>          |   11.901|
A<2>           |P<17>          |   12.366|
A<2>           |P<18>          |   12.682|
A<2>           |P<19>          |   12.787|
A<2>           |P<20>          |   12.608|
A<2>           |P<21>          |   12.794|
A<2>           |P<22>          |   13.005|
A<2>           |P<23>          |   12.654|
A<2>           |P<24>          |   13.158|
A<2>           |P<25>          |   13.076|
A<2>           |P<26>          |   13.327|
A<2>           |P<27>          |   13.287|
A<2>           |P<28>          |   12.891|
A<2>           |P<29>          |   13.001|
A<2>           |P<30>          |   13.262|
A<2>           |P<31>          |   13.083|
A<2>           |P<32>          |   13.336|
A<2>           |P<33>          |   13.087|
A<3>           |P<3>           |   12.050|
A<3>           |P<4>           |   10.434|
A<3>           |P<5>           |   10.257|
A<3>           |P<6>           |   10.850|
A<3>           |P<7>           |   11.181|
A<3>           |P<8>           |   10.783|
A<3>           |P<9>           |   11.184|
A<3>           |P<10>          |   11.474|
A<3>           |P<11>          |   11.876|
A<3>           |P<12>          |   11.931|
A<3>           |P<13>          |   12.076|
A<3>           |P<14>          |   12.222|
A<3>           |P<15>          |   11.804|
A<3>           |P<16>          |   11.611|
A<3>           |P<17>          |   12.076|
A<3>           |P<18>          |   12.392|
A<3>           |P<19>          |   12.497|
A<3>           |P<20>          |   12.318|
A<3>           |P<21>          |   12.504|
A<3>           |P<22>          |   12.715|
A<3>           |P<23>          |   12.364|
A<3>           |P<24>          |   12.868|
A<3>           |P<25>          |   12.786|
A<3>           |P<26>          |   13.037|
A<3>           |P<27>          |   12.997|
A<3>           |P<28>          |   12.601|
A<3>           |P<29>          |   12.711|
A<3>           |P<30>          |   12.972|
A<3>           |P<31>          |   12.793|
A<3>           |P<32>          |   13.046|
A<3>           |P<33>          |   12.797|
A<4>           |P<4>           |   10.891|
A<4>           |P<5>           |   10.714|
A<4>           |P<6>           |   11.307|
A<4>           |P<7>           |   11.638|
A<4>           |P<8>           |   11.240|
A<4>           |P<9>           |   11.641|
A<4>           |P<10>          |   11.931|
A<4>           |P<11>          |   12.333|
A<4>           |P<12>          |   12.388|
A<4>           |P<13>          |   12.533|
A<4>           |P<14>          |   12.679|
A<4>           |P<15>          |   12.261|
A<4>           |P<16>          |   12.068|
A<4>           |P<17>          |   12.533|
A<4>           |P<18>          |   12.849|
A<4>           |P<19>          |   12.954|
A<4>           |P<20>          |   12.775|
A<4>           |P<21>          |   12.961|
A<4>           |P<22>          |   13.172|
A<4>           |P<23>          |   12.821|
A<4>           |P<24>          |   13.325|
A<4>           |P<25>          |   13.243|
A<4>           |P<26>          |   13.494|
A<4>           |P<27>          |   13.454|
A<4>           |P<28>          |   13.058|
A<4>           |P<29>          |   13.168|
A<4>           |P<30>          |   13.429|
A<4>           |P<31>          |   13.250|
A<4>           |P<32>          |   13.503|
A<4>           |P<33>          |   13.254|
A<5>           |P<5>           |   10.336|
A<5>           |P<6>           |   10.929|
A<5>           |P<7>           |   11.260|
A<5>           |P<8>           |   10.862|
A<5>           |P<9>           |   11.263|
A<5>           |P<10>          |   11.553|
A<5>           |P<11>          |   11.955|
A<5>           |P<12>          |   12.010|
A<5>           |P<13>          |   12.155|
A<5>           |P<14>          |   12.301|
A<5>           |P<15>          |   11.883|
A<5>           |P<16>          |   11.690|
A<5>           |P<17>          |   12.155|
A<5>           |P<18>          |   12.471|
A<5>           |P<19>          |   12.576|
A<5>           |P<20>          |   12.397|
A<5>           |P<21>          |   12.583|
A<5>           |P<22>          |   12.794|
A<5>           |P<23>          |   12.443|
A<5>           |P<24>          |   12.947|
A<5>           |P<25>          |   12.865|
A<5>           |P<26>          |   13.116|
A<5>           |P<27>          |   13.076|
A<5>           |P<28>          |   12.680|
A<5>           |P<29>          |   12.790|
A<5>           |P<30>          |   13.051|
A<5>           |P<31>          |   12.872|
A<5>           |P<32>          |   13.125|
A<5>           |P<33>          |   12.876|
A<6>           |P<6>           |   10.864|
A<6>           |P<7>           |   11.195|
A<6>           |P<8>           |   10.797|
A<6>           |P<9>           |   11.198|
A<6>           |P<10>          |   11.488|
A<6>           |P<11>          |   11.890|
A<6>           |P<12>          |   11.945|
A<6>           |P<13>          |   12.090|
A<6>           |P<14>          |   12.236|
A<6>           |P<15>          |   11.818|
A<6>           |P<16>          |   11.625|
A<6>           |P<17>          |   12.090|
A<6>           |P<18>          |   12.406|
A<6>           |P<19>          |   12.511|
A<6>           |P<20>          |   12.332|
A<6>           |P<21>          |   12.518|
A<6>           |P<22>          |   12.729|
A<6>           |P<23>          |   12.378|
A<6>           |P<24>          |   12.882|
A<6>           |P<25>          |   12.800|
A<6>           |P<26>          |   13.051|
A<6>           |P<27>          |   13.011|
A<6>           |P<28>          |   12.615|
A<6>           |P<29>          |   12.725|
A<6>           |P<30>          |   12.986|
A<6>           |P<31>          |   12.807|
A<6>           |P<32>          |   13.060|
A<6>           |P<33>          |   12.811|
A<7>           |P<7>           |   10.875|
A<7>           |P<8>           |   10.477|
A<7>           |P<9>           |   10.878|
A<7>           |P<10>          |   11.168|
A<7>           |P<11>          |   11.570|
A<7>           |P<12>          |   11.625|
A<7>           |P<13>          |   11.770|
A<7>           |P<14>          |   11.916|
A<7>           |P<15>          |   11.498|
A<7>           |P<16>          |   11.305|
A<7>           |P<17>          |   11.770|
A<7>           |P<18>          |   12.086|
A<7>           |P<19>          |   12.191|
A<7>           |P<20>          |   12.012|
A<7>           |P<21>          |   12.198|
A<7>           |P<22>          |   12.409|
A<7>           |P<23>          |   12.058|
A<7>           |P<24>          |   12.562|
A<7>           |P<25>          |   12.480|
A<7>           |P<26>          |   12.731|
A<7>           |P<27>          |   12.691|
A<7>           |P<28>          |   12.295|
A<7>           |P<29>          |   12.405|
A<7>           |P<30>          |   12.666|
A<7>           |P<31>          |   12.487|
A<7>           |P<32>          |   12.740|
A<7>           |P<33>          |   12.491|
A<8>           |P<8>           |   10.928|
A<8>           |P<9>           |   11.329|
A<8>           |P<10>          |   11.619|
A<8>           |P<11>          |   12.021|
A<8>           |P<12>          |   12.076|
A<8>           |P<13>          |   12.221|
A<8>           |P<14>          |   12.367|
A<8>           |P<15>          |   11.949|
A<8>           |P<16>          |   11.756|
A<8>           |P<17>          |   12.221|
A<8>           |P<18>          |   12.537|
A<8>           |P<19>          |   12.642|
A<8>           |P<20>          |   12.463|
A<8>           |P<21>          |   12.649|
A<8>           |P<22>          |   12.860|
A<8>           |P<23>          |   12.509|
A<8>           |P<24>          |   13.013|
A<8>           |P<25>          |   12.931|
A<8>           |P<26>          |   13.182|
A<8>           |P<27>          |   13.142|
A<8>           |P<28>          |   12.746|
A<8>           |P<29>          |   12.856|
A<8>           |P<30>          |   13.117|
A<8>           |P<31>          |   12.938|
A<8>           |P<32>          |   13.191|
A<8>           |P<33>          |   12.942|
A<9>           |P<9>           |   11.460|
A<9>           |P<10>          |   11.750|
A<9>           |P<11>          |   12.152|
A<9>           |P<12>          |   12.207|
A<9>           |P<13>          |   12.352|
A<9>           |P<14>          |   12.498|
A<9>           |P<15>          |   12.080|
A<9>           |P<16>          |   11.887|
A<9>           |P<17>          |   12.352|
A<9>           |P<18>          |   12.668|
A<9>           |P<19>          |   12.773|
A<9>           |P<20>          |   12.594|
A<9>           |P<21>          |   12.780|
A<9>           |P<22>          |   12.991|
A<9>           |P<23>          |   12.640|
A<9>           |P<24>          |   13.144|
A<9>           |P<25>          |   13.062|
A<9>           |P<26>          |   13.313|
A<9>           |P<27>          |   13.273|
A<9>           |P<28>          |   12.877|
A<9>           |P<29>          |   12.987|
A<9>           |P<30>          |   13.248|
A<9>           |P<31>          |   13.069|
A<9>           |P<32>          |   13.322|
A<9>           |P<33>          |   13.073|
A<10>          |P<10>          |   11.110|
A<10>          |P<11>          |   11.512|
A<10>          |P<12>          |   11.567|
A<10>          |P<13>          |   11.712|
A<10>          |P<14>          |   11.858|
A<10>          |P<15>          |   11.440|
A<10>          |P<16>          |   11.247|
A<10>          |P<17>          |   11.712|
A<10>          |P<18>          |   12.028|
A<10>          |P<19>          |   12.133|
A<10>          |P<20>          |   11.954|
A<10>          |P<21>          |   12.140|
A<10>          |P<22>          |   12.351|
A<10>          |P<23>          |   12.000|
A<10>          |P<24>          |   12.504|
A<10>          |P<25>          |   12.422|
A<10>          |P<26>          |   12.673|
A<10>          |P<27>          |   12.633|
A<10>          |P<28>          |   12.237|
A<10>          |P<29>          |   12.347|
A<10>          |P<30>          |   12.608|
A<10>          |P<31>          |   12.429|
A<10>          |P<32>          |   12.682|
A<10>          |P<33>          |   12.433|
A<11>          |P<11>          |   11.425|
A<11>          |P<12>          |   11.480|
A<11>          |P<13>          |   11.625|
A<11>          |P<14>          |   11.771|
A<11>          |P<15>          |   11.353|
A<11>          |P<16>          |   11.160|
A<11>          |P<17>          |   11.625|
A<11>          |P<18>          |   11.941|
A<11>          |P<19>          |   12.046|
A<11>          |P<20>          |   11.867|
A<11>          |P<21>          |   12.053|
A<11>          |P<22>          |   12.264|
A<11>          |P<23>          |   11.913|
A<11>          |P<24>          |   12.417|
A<11>          |P<25>          |   12.335|
A<11>          |P<26>          |   12.586|
A<11>          |P<27>          |   12.546|
A<11>          |P<28>          |   12.150|
A<11>          |P<29>          |   12.260|
A<11>          |P<30>          |   12.521|
A<11>          |P<31>          |   12.342|
A<11>          |P<32>          |   12.595|
A<11>          |P<33>          |   12.346|
A<12>          |P<12>          |   11.343|
A<12>          |P<13>          |   11.488|
A<12>          |P<14>          |   11.634|
A<12>          |P<15>          |   11.216|
A<12>          |P<16>          |   11.023|
A<12>          |P<17>          |   11.488|
A<12>          |P<18>          |   11.804|
A<12>          |P<19>          |   11.909|
A<12>          |P<20>          |   11.730|
A<12>          |P<21>          |   11.916|
A<12>          |P<22>          |   12.127|
A<12>          |P<23>          |   11.776|
A<12>          |P<24>          |   12.280|
A<12>          |P<25>          |   12.198|
A<12>          |P<26>          |   12.449|
A<12>          |P<27>          |   12.409|
A<12>          |P<28>          |   12.013|
A<12>          |P<29>          |   12.123|
A<12>          |P<30>          |   12.384|
A<12>          |P<31>          |   12.205|
A<12>          |P<32>          |   12.458|
A<12>          |P<33>          |   12.209|
A<13>          |P<13>          |   11.487|
A<13>          |P<14>          |   11.633|
A<13>          |P<15>          |   11.215|
A<13>          |P<16>          |   11.022|
A<13>          |P<17>          |   11.487|
A<13>          |P<18>          |   11.803|
A<13>          |P<19>          |   11.908|
A<13>          |P<20>          |   11.729|
A<13>          |P<21>          |   11.915|
A<13>          |P<22>          |   12.126|
A<13>          |P<23>          |   11.775|
A<13>          |P<24>          |   12.279|
A<13>          |P<25>          |   12.197|
A<13>          |P<26>          |   12.448|
A<13>          |P<27>          |   12.408|
A<13>          |P<28>          |   12.012|
A<13>          |P<29>          |   12.122|
A<13>          |P<30>          |   12.383|
A<13>          |P<31>          |   12.204|
A<13>          |P<32>          |   12.457|
A<13>          |P<33>          |   12.208|
A<14>          |P<14>          |   11.838|
A<14>          |P<15>          |   11.420|
A<14>          |P<16>          |   11.227|
A<14>          |P<17>          |   11.692|
A<14>          |P<18>          |   12.008|
A<14>          |P<19>          |   12.113|
A<14>          |P<20>          |   11.934|
A<14>          |P<21>          |   12.120|
A<14>          |P<22>          |   12.331|
A<14>          |P<23>          |   11.980|
A<14>          |P<24>          |   12.484|
A<14>          |P<25>          |   12.402|
A<14>          |P<26>          |   12.653|
A<14>          |P<27>          |   12.613|
A<14>          |P<28>          |   12.217|
A<14>          |P<29>          |   12.327|
A<14>          |P<30>          |   12.588|
A<14>          |P<31>          |   12.409|
A<14>          |P<32>          |   12.662|
A<14>          |P<33>          |   12.413|
A<15>          |P<15>          |   11.498|
A<15>          |P<16>          |   11.305|
A<15>          |P<17>          |   11.770|
A<15>          |P<18>          |   12.086|
A<15>          |P<19>          |   12.191|
A<15>          |P<20>          |   12.012|
A<15>          |P<21>          |   12.198|
A<15>          |P<22>          |   12.409|
A<15>          |P<23>          |   12.058|
A<15>          |P<24>          |   12.562|
A<15>          |P<25>          |   12.480|
A<15>          |P<26>          |   12.731|
A<15>          |P<27>          |   12.691|
A<15>          |P<28>          |   12.295|
A<15>          |P<29>          |   12.405|
A<15>          |P<30>          |   12.666|
A<15>          |P<31>          |   12.487|
A<15>          |P<32>          |   12.740|
A<15>          |P<33>          |   12.491|
A<16>          |P<16>          |   11.540|
A<16>          |P<17>          |   12.005|
A<16>          |P<18>          |   12.321|
A<16>          |P<19>          |   12.426|
A<16>          |P<20>          |   12.247|
A<16>          |P<21>          |   12.433|
A<16>          |P<22>          |   12.644|
A<16>          |P<23>          |   12.293|
A<16>          |P<24>          |   12.797|
A<16>          |P<25>          |   12.715|
A<16>          |P<26>          |   12.966|
A<16>          |P<27>          |   12.926|
A<16>          |P<28>          |   12.530|
A<16>          |P<29>          |   12.640|
A<16>          |P<30>          |   12.901|
A<16>          |P<31>          |   12.722|
A<16>          |P<32>          |   12.975|
A<16>          |P<33>          |   12.726|
B<0>           |P<0>           |   12.100|
B<0>           |P<1>           |   11.719|
B<0>           |P<2>           |   13.699|
B<0>           |P<3>           |   12.396|
B<0>           |P<4>           |   10.780|
B<0>           |P<5>           |   10.603|
B<0>           |P<6>           |   11.196|
B<0>           |P<7>           |   11.527|
B<0>           |P<8>           |   11.129|
B<0>           |P<9>           |   11.530|
B<0>           |P<10>          |   11.820|
B<0>           |P<11>          |   12.222|
B<0>           |P<12>          |   12.277|
B<0>           |P<13>          |   12.422|
B<0>           |P<14>          |   12.568|
B<0>           |P<15>          |   12.150|
B<0>           |P<16>          |   11.957|
B<0>           |P<17>          |   12.422|
B<0>           |P<18>          |   12.738|
B<0>           |P<19>          |   12.843|
B<0>           |P<20>          |   12.664|
B<0>           |P<21>          |   12.850|
B<0>           |P<22>          |   13.061|
B<0>           |P<23>          |   12.710|
B<0>           |P<24>          |   13.214|
B<0>           |P<25>          |   13.132|
B<0>           |P<26>          |   13.383|
B<0>           |P<27>          |   13.343|
B<0>           |P<28>          |   12.947|
B<0>           |P<29>          |   13.057|
B<0>           |P<30>          |   13.318|
B<0>           |P<31>          |   13.139|
B<0>           |P<32>          |   13.392|
B<0>           |P<33>          |   13.143|
B<1>           |P<1>           |   11.512|
B<1>           |P<2>           |   13.492|
B<1>           |P<3>           |   12.189|
B<1>           |P<4>           |   10.573|
B<1>           |P<5>           |   10.396|
B<1>           |P<6>           |   10.989|
B<1>           |P<7>           |   11.320|
B<1>           |P<8>           |   10.922|
B<1>           |P<9>           |   11.323|
B<1>           |P<10>          |   11.613|
B<1>           |P<11>          |   12.015|
B<1>           |P<12>          |   12.070|
B<1>           |P<13>          |   12.215|
B<1>           |P<14>          |   12.361|
B<1>           |P<15>          |   11.943|
B<1>           |P<16>          |   11.750|
B<1>           |P<17>          |   12.215|
B<1>           |P<18>          |   12.531|
B<1>           |P<19>          |   12.636|
B<1>           |P<20>          |   12.457|
B<1>           |P<21>          |   12.643|
B<1>           |P<22>          |   12.854|
B<1>           |P<23>          |   12.503|
B<1>           |P<24>          |   13.007|
B<1>           |P<25>          |   12.925|
B<1>           |P<26>          |   13.176|
B<1>           |P<27>          |   13.136|
B<1>           |P<28>          |   12.740|
B<1>           |P<29>          |   12.850|
B<1>           |P<30>          |   13.111|
B<1>           |P<31>          |   12.932|
B<1>           |P<32>          |   13.185|
B<1>           |P<33>          |   12.936|
B<2>           |P<2>           |   12.990|
B<2>           |P<3>           |   11.687|
B<2>           |P<4>           |   10.071|
B<2>           |P<5>           |    9.894|
B<2>           |P<6>           |   10.487|
B<2>           |P<7>           |   10.818|
B<2>           |P<8>           |   10.420|
B<2>           |P<9>           |   10.821|
B<2>           |P<10>          |   11.111|
B<2>           |P<11>          |   11.513|
B<2>           |P<12>          |   11.568|
B<2>           |P<13>          |   11.713|
B<2>           |P<14>          |   11.859|
B<2>           |P<15>          |   11.441|
B<2>           |P<16>          |   11.248|
B<2>           |P<17>          |   11.713|
B<2>           |P<18>          |   12.029|
B<2>           |P<19>          |   12.134|
B<2>           |P<20>          |   11.955|
B<2>           |P<21>          |   12.141|
B<2>           |P<22>          |   12.352|
B<2>           |P<23>          |   12.001|
B<2>           |P<24>          |   12.505|
B<2>           |P<25>          |   12.423|
B<2>           |P<26>          |   12.674|
B<2>           |P<27>          |   12.634|
B<2>           |P<28>          |   12.238|
B<2>           |P<29>          |   12.348|
B<2>           |P<30>          |   12.609|
B<2>           |P<31>          |   12.430|
B<2>           |P<32>          |   12.683|
B<2>           |P<33>          |   12.434|
B<3>           |P<3>           |   11.762|
B<3>           |P<4>           |   10.146|
B<3>           |P<5>           |    9.969|
B<3>           |P<6>           |   10.562|
B<3>           |P<7>           |   10.893|
B<3>           |P<8>           |   10.495|
B<3>           |P<9>           |   10.896|
B<3>           |P<10>          |   11.186|
B<3>           |P<11>          |   11.588|
B<3>           |P<12>          |   11.643|
B<3>           |P<13>          |   11.788|
B<3>           |P<14>          |   11.934|
B<3>           |P<15>          |   11.516|
B<3>           |P<16>          |   11.323|
B<3>           |P<17>          |   11.788|
B<3>           |P<18>          |   12.104|
B<3>           |P<19>          |   12.209|
B<3>           |P<20>          |   12.030|
B<3>           |P<21>          |   12.216|
B<3>           |P<22>          |   12.427|
B<3>           |P<23>          |   12.076|
B<3>           |P<24>          |   12.580|
B<3>           |P<25>          |   12.498|
B<3>           |P<26>          |   12.749|
B<3>           |P<27>          |   12.709|
B<3>           |P<28>          |   12.313|
B<3>           |P<29>          |   12.423|
B<3>           |P<30>          |   12.684|
B<3>           |P<31>          |   12.505|
B<3>           |P<32>          |   12.758|
B<3>           |P<33>          |   12.509|
B<4>           |P<4>           |   10.124|
B<4>           |P<5>           |    9.947|
B<4>           |P<6>           |   10.540|
B<4>           |P<7>           |   10.871|
B<4>           |P<8>           |   10.473|
B<4>           |P<9>           |   10.874|
B<4>           |P<10>          |   11.164|
B<4>           |P<11>          |   11.566|
B<4>           |P<12>          |   11.621|
B<4>           |P<13>          |   11.766|
B<4>           |P<14>          |   11.912|
B<4>           |P<15>          |   11.494|
B<4>           |P<16>          |   11.301|
B<4>           |P<17>          |   11.766|
B<4>           |P<18>          |   12.082|
B<4>           |P<19>          |   12.187|
B<4>           |P<20>          |   12.008|
B<4>           |P<21>          |   12.194|
B<4>           |P<22>          |   12.405|
B<4>           |P<23>          |   12.054|
B<4>           |P<24>          |   12.558|
B<4>           |P<25>          |   12.476|
B<4>           |P<26>          |   12.727|
B<4>           |P<27>          |   12.687|
B<4>           |P<28>          |   12.291|
B<4>           |P<29>          |   12.401|
B<4>           |P<30>          |   12.662|
B<4>           |P<31>          |   12.483|
B<4>           |P<32>          |   12.736|
B<4>           |P<33>          |   12.487|
B<5>           |P<5>           |   10.548|
B<5>           |P<6>           |   11.141|
B<5>           |P<7>           |   11.472|
B<5>           |P<8>           |   11.074|
B<5>           |P<9>           |   11.475|
B<5>           |P<10>          |   11.765|
B<5>           |P<11>          |   12.167|
B<5>           |P<12>          |   12.222|
B<5>           |P<13>          |   12.367|
B<5>           |P<14>          |   12.513|
B<5>           |P<15>          |   12.095|
B<5>           |P<16>          |   11.902|
B<5>           |P<17>          |   12.367|
B<5>           |P<18>          |   12.683|
B<5>           |P<19>          |   12.788|
B<5>           |P<20>          |   12.609|
B<5>           |P<21>          |   12.795|
B<5>           |P<22>          |   13.006|
B<5>           |P<23>          |   12.655|
B<5>           |P<24>          |   13.159|
B<5>           |P<25>          |   13.077|
B<5>           |P<26>          |   13.328|
B<5>           |P<27>          |   13.288|
B<5>           |P<28>          |   12.892|
B<5>           |P<29>          |   13.002|
B<5>           |P<30>          |   13.263|
B<5>           |P<31>          |   13.084|
B<5>           |P<32>          |   13.337|
B<5>           |P<33>          |   13.088|
B<6>           |P<6>           |   11.472|
B<6>           |P<7>           |   11.803|
B<6>           |P<8>           |   11.405|
B<6>           |P<9>           |   11.806|
B<6>           |P<10>          |   12.096|
B<6>           |P<11>          |   12.498|
B<6>           |P<12>          |   12.553|
B<6>           |P<13>          |   12.698|
B<6>           |P<14>          |   12.844|
B<6>           |P<15>          |   12.426|
B<6>           |P<16>          |   12.233|
B<6>           |P<17>          |   12.698|
B<6>           |P<18>          |   13.014|
B<6>           |P<19>          |   13.119|
B<6>           |P<20>          |   12.940|
B<6>           |P<21>          |   13.126|
B<6>           |P<22>          |   13.337|
B<6>           |P<23>          |   12.986|
B<6>           |P<24>          |   13.490|
B<6>           |P<25>          |   13.408|
B<6>           |P<26>          |   13.659|
B<6>           |P<27>          |   13.619|
B<6>           |P<28>          |   13.223|
B<6>           |P<29>          |   13.333|
B<6>           |P<30>          |   13.594|
B<6>           |P<31>          |   13.415|
B<6>           |P<32>          |   13.668|
B<6>           |P<33>          |   13.419|
B<7>           |P<7>           |   11.410|
B<7>           |P<8>           |   11.012|
B<7>           |P<9>           |   11.413|
B<7>           |P<10>          |   11.703|
B<7>           |P<11>          |   12.105|
B<7>           |P<12>          |   12.160|
B<7>           |P<13>          |   12.305|
B<7>           |P<14>          |   12.451|
B<7>           |P<15>          |   12.033|
B<7>           |P<16>          |   11.840|
B<7>           |P<17>          |   12.305|
B<7>           |P<18>          |   12.621|
B<7>           |P<19>          |   12.726|
B<7>           |P<20>          |   12.547|
B<7>           |P<21>          |   12.733|
B<7>           |P<22>          |   12.944|
B<7>           |P<23>          |   12.593|
B<7>           |P<24>          |   13.097|
B<7>           |P<25>          |   13.015|
B<7>           |P<26>          |   13.266|
B<7>           |P<27>          |   13.226|
B<7>           |P<28>          |   12.830|
B<7>           |P<29>          |   12.940|
B<7>           |P<30>          |   13.201|
B<7>           |P<31>          |   13.022|
B<7>           |P<32>          |   13.275|
B<7>           |P<33>          |   13.026|
B<8>           |P<8>           |   11.094|
B<8>           |P<9>           |   11.495|
B<8>           |P<10>          |   11.785|
B<8>           |P<11>          |   12.187|
B<8>           |P<12>          |   12.242|
B<8>           |P<13>          |   12.387|
B<8>           |P<14>          |   12.533|
B<8>           |P<15>          |   12.115|
B<8>           |P<16>          |   11.922|
B<8>           |P<17>          |   12.387|
B<8>           |P<18>          |   12.703|
B<8>           |P<19>          |   12.808|
B<8>           |P<20>          |   12.629|
B<8>           |P<21>          |   12.815|
B<8>           |P<22>          |   13.026|
B<8>           |P<23>          |   12.675|
B<8>           |P<24>          |   13.179|
B<8>           |P<25>          |   13.097|
B<8>           |P<26>          |   13.348|
B<8>           |P<27>          |   13.308|
B<8>           |P<28>          |   12.912|
B<8>           |P<29>          |   13.022|
B<8>           |P<30>          |   13.283|
B<8>           |P<31>          |   13.104|
B<8>           |P<32>          |   13.357|
B<8>           |P<33>          |   13.108|
B<9>           |P<9>           |   11.784|
B<9>           |P<10>          |   12.074|
B<9>           |P<11>          |   12.476|
B<9>           |P<12>          |   12.531|
B<9>           |P<13>          |   12.676|
B<9>           |P<14>          |   12.822|
B<9>           |P<15>          |   12.404|
B<9>           |P<16>          |   12.211|
B<9>           |P<17>          |   12.676|
B<9>           |P<18>          |   12.992|
B<9>           |P<19>          |   13.097|
B<9>           |P<20>          |   12.918|
B<9>           |P<21>          |   13.104|
B<9>           |P<22>          |   13.315|
B<9>           |P<23>          |   12.964|
B<9>           |P<24>          |   13.468|
B<9>           |P<25>          |   13.386|
B<9>           |P<26>          |   13.637|
B<9>           |P<27>          |   13.597|
B<9>           |P<28>          |   13.201|
B<9>           |P<29>          |   13.311|
B<9>           |P<30>          |   13.572|
B<9>           |P<31>          |   13.393|
B<9>           |P<32>          |   13.646|
B<9>           |P<33>          |   13.397|
B<10>          |P<10>          |   12.494|
B<10>          |P<11>          |   12.896|
B<10>          |P<12>          |   12.951|
B<10>          |P<13>          |   13.096|
B<10>          |P<14>          |   13.242|
B<10>          |P<15>          |   12.824|
B<10>          |P<16>          |   12.631|
B<10>          |P<17>          |   13.096|
B<10>          |P<18>          |   13.412|
B<10>          |P<19>          |   13.517|
B<10>          |P<20>          |   13.338|
B<10>          |P<21>          |   13.524|
B<10>          |P<22>          |   13.735|
B<10>          |P<23>          |   13.384|
B<10>          |P<24>          |   13.888|
B<10>          |P<25>          |   13.806|
B<10>          |P<26>          |   14.057|
B<10>          |P<27>          |   14.017|
B<10>          |P<28>          |   13.621|
B<10>          |P<29>          |   13.731|
B<10>          |P<30>          |   13.992|
B<10>          |P<31>          |   13.813|
B<10>          |P<32>          |   14.066|
B<10>          |P<33>          |   13.817|
B<11>          |P<11>          |   12.491|
B<11>          |P<12>          |   12.546|
B<11>          |P<13>          |   12.691|
B<11>          |P<14>          |   12.837|
B<11>          |P<15>          |   12.419|
B<11>          |P<16>          |   12.226|
B<11>          |P<17>          |   12.691|
B<11>          |P<18>          |   13.007|
B<11>          |P<19>          |   13.112|
B<11>          |P<20>          |   12.933|
B<11>          |P<21>          |   13.119|
B<11>          |P<22>          |   13.330|
B<11>          |P<23>          |   12.979|
B<11>          |P<24>          |   13.483|
B<11>          |P<25>          |   13.401|
B<11>          |P<26>          |   13.652|
B<11>          |P<27>          |   13.612|
B<11>          |P<28>          |   13.216|
B<11>          |P<29>          |   13.326|
B<11>          |P<30>          |   13.587|
B<11>          |P<31>          |   13.408|
B<11>          |P<32>          |   13.661|
B<11>          |P<33>          |   13.412|
B<12>          |P<12>          |   12.522|
B<12>          |P<13>          |   12.667|
B<12>          |P<14>          |   12.813|
B<12>          |P<15>          |   12.395|
B<12>          |P<16>          |   12.202|
B<12>          |P<17>          |   12.667|
B<12>          |P<18>          |   12.983|
B<12>          |P<19>          |   13.088|
B<12>          |P<20>          |   12.909|
B<12>          |P<21>          |   13.095|
B<12>          |P<22>          |   13.306|
B<12>          |P<23>          |   12.955|
B<12>          |P<24>          |   13.459|
B<12>          |P<25>          |   13.377|
B<12>          |P<26>          |   13.628|
B<12>          |P<27>          |   13.588|
B<12>          |P<28>          |   13.192|
B<12>          |P<29>          |   13.302|
B<12>          |P<30>          |   13.563|
B<12>          |P<31>          |   13.384|
B<12>          |P<32>          |   13.637|
B<12>          |P<33>          |   13.388|
B<13>          |P<13>          |   12.900|
B<13>          |P<14>          |   13.046|
B<13>          |P<15>          |   12.628|
B<13>          |P<16>          |   12.435|
B<13>          |P<17>          |   12.900|
B<13>          |P<18>          |   13.216|
B<13>          |P<19>          |   13.321|
B<13>          |P<20>          |   13.142|
B<13>          |P<21>          |   13.328|
B<13>          |P<22>          |   13.539|
B<13>          |P<23>          |   13.188|
B<13>          |P<24>          |   13.692|
B<13>          |P<25>          |   13.610|
B<13>          |P<26>          |   13.861|
B<13>          |P<27>          |   13.821|
B<13>          |P<28>          |   13.425|
B<13>          |P<29>          |   13.535|
B<13>          |P<30>          |   13.796|
B<13>          |P<31>          |   13.617|
B<13>          |P<32>          |   13.870|
B<13>          |P<33>          |   13.621|
B<14>          |P<14>          |   12.754|
B<14>          |P<15>          |   12.336|
B<14>          |P<16>          |   12.143|
B<14>          |P<17>          |   12.608|
B<14>          |P<18>          |   12.924|
B<14>          |P<19>          |   13.029|
B<14>          |P<20>          |   12.850|
B<14>          |P<21>          |   13.036|
B<14>          |P<22>          |   13.247|
B<14>          |P<23>          |   12.896|
B<14>          |P<24>          |   13.400|
B<14>          |P<25>          |   13.318|
B<14>          |P<26>          |   13.569|
B<14>          |P<27>          |   13.529|
B<14>          |P<28>          |   13.133|
B<14>          |P<29>          |   13.243|
B<14>          |P<30>          |   13.504|
B<14>          |P<31>          |   13.325|
B<14>          |P<32>          |   13.578|
B<14>          |P<33>          |   13.329|
B<15>          |P<15>          |   13.255|
B<15>          |P<16>          |   13.062|
B<15>          |P<17>          |   13.527|
B<15>          |P<18>          |   13.843|
B<15>          |P<19>          |   13.948|
B<15>          |P<20>          |   13.769|
B<15>          |P<21>          |   13.955|
B<15>          |P<22>          |   14.166|
B<15>          |P<23>          |   13.815|
B<15>          |P<24>          |   14.319|
B<15>          |P<25>          |   14.237|
B<15>          |P<26>          |   14.488|
B<15>          |P<27>          |   14.448|
B<15>          |P<28>          |   14.052|
B<15>          |P<29>          |   14.162|
B<15>          |P<30>          |   14.423|
B<15>          |P<31>          |   14.244|
B<15>          |P<32>          |   14.497|
B<15>          |P<33>          |   14.248|
B<16>          |P<16>          |   13.208|
B<16>          |P<17>          |   13.673|
B<16>          |P<18>          |   13.989|
B<16>          |P<19>          |   14.094|
B<16>          |P<20>          |   13.915|
B<16>          |P<21>          |   14.101|
B<16>          |P<22>          |   14.312|
B<16>          |P<23>          |   13.961|
B<16>          |P<24>          |   14.465|
B<16>          |P<25>          |   14.383|
B<16>          |P<26>          |   14.634|
B<16>          |P<27>          |   14.594|
B<16>          |P<28>          |   14.198|
B<16>          |P<29>          |   14.308|
B<16>          |P<30>          |   14.569|
B<16>          |P<31>          |   14.390|
B<16>          |P<32>          |   14.643|
B<16>          |P<33>          |   14.394|
---------------+---------------+---------+


Analysis completed Wed Sep 12 20:48:19 2018 
--------------------------------------------------------------------------------

Trace Settings:
-------------------------
Trace Settings 

Peak Memory Usage: 170 MB



