EN lcd NULL C:/Users/Samuel/Desktop/Practicas_FPGa_nexys2/ADC/ADC.vhd sub00/vhpl02 1539395295
AR lcd behavioral C:/Users/Samuel/Desktop/Practicas_FPGa_nexys2/ADC/ADC.vhd sub00/vhpl03 1539395296
AR adc adc_arq C:/Users/Samuel/Desktop/Practicas_FPGa_nexys2/ADC/ADC.vhd sub00/vhpl01 1539383669
EN adc NULL C:/Users/Samuel/Desktop/Practicas_FPGa_nexys2/ADC/ADC.vhd sub00/vhpl00 1539383668
